BL51 BANKED LINKER/LOCATER V4.13                                                        02/01/2002  17:19:37  PAGE 1


BL51 BANKED LINKER/LOCATER V4.13, INVOKED BY:
C:\KEIL\C51\BIN\BL51.EXE dscr.obj, reset.obj, Startup.obj, USBJmpTb.obj, atareset.obj, fw.obj, gpif.obj, ide.obj, periph
>> .obj, scsi.obj, ..\..\Target\Lib\Fx2\Ezusb.lib, eeprom.obj, eeproma.obj TO fx2_ata REGFILE (.\fx2_ata.ORC) RAMSIZE (2
>> 56) CODE (0X00-0X1FAF) XDATA (0X1FB0-0X1FFF, ?XD?ATARESET (0XE000))


MEMORY MODEL: SMALL


INPUT MODULES INCLUDED:
  dscr.obj (DSCR)
  reset.obj (RESET)
  Startup.obj (?C_STARTUP)
  USBJmpTb.obj (USBJMPTBL)
  atareset.obj (ATARESET)
  fw.obj (FW)
  gpif.obj (GPIF)
  ide.obj (IDE)
  periph.obj (PERIPH)
  scsi.obj (SCSI)
  ..\..\Target\Lib\Fx2\Ezusb.lib (DISCON)
  ..\..\Target\Lib\Fx2\Ezusb.lib (DELAY)
  ..\..\Target\Lib\Fx2\Ezusb.lib (DELAY1MS)
  ..\..\Target\Lib\Fx2\Ezusb.lib (EZREGS)
  eeprom.obj (EEPROM)
  eeproma.obj (EEPROMA)
  C:\KEIL\C51\LIB\C51S.LIB (?C?IMUL)
  C:\KEIL\C51\LIB\C51S.LIB (?C?ULCMP)
  C:\KEIL\C51\LIB\C51S.LIB (?C?ULSHR)
  C:\KEIL\C51\LIB\C51S.LIB (?C?LSHL)
  C:\KEIL\C51\LIB\C51S.LIB (?C?CCASE)


LINK MAP OF MODULE:  fx2_ata (DSCR)


            TYPE    BASE      LENGTH    RELOCATION   SEGMENT NAME
            -----------------------------------------------------

            * * * * * * *   D A T A   M E M O R Y   * * * * * * *
            REG     0000H     0008H     ABSOLUTE     "REG BANK 0"
            DATA    0008H     000DH     UNIT         ?DT?PERIPH
            DATA    0015H     0009H     UNIT         ?DT?FW
            DATA    001EH     0001H     UNIT         ?DT?SCSI
                    001FH     0001H                  *** GAP ***
            BIT     0020H.0   0000H.3   UNIT         ?BI?FW
            BIT     0020H.3   0000H.3   UNIT         _BIT_GROUP_
            BIT     0020H.6   0000H.2   UNIT         ?BI?SCSI
            BIT     0021H.0   0000H.1   UNIT         ?BI?ATARESET
            BIT     0021H.1   0000H.1   UNIT         ?BI?PERIPH
                    0021H.2   0000H.6                *** GAP ***
            DATA    0022H     001CH     UNIT         _DATA_GROUP_
            DATA    003EH     0006H     UNIT         ?DT?ATARESET
            DATA    0044H     0006H     UNIT         ?DT?IDE
            IDATA   004AH     0018H     UNIT         ?ID?ATARESET
            IDATA   0062H     0001H     UNIT         ?STACK

            * * * * * * *  X D A T A   M E M O R Y  * * * * * * *
BL51 BANKED LINKER/LOCATER V4.13                                                      02/01/2002  17:19:37  PAGE 2


                    0000H     1FB0H                  *** GAP ***
            XDATA   1FB0H     002CH     UNIT         ?XD?PERIPH
                    1FDCH     C024H                  *** GAP ***
            XDATA   E000H     0200H     UNIT         ?XD?ATARESET
                    E200H     0200H                  *** GAP ***
            XDATA   E400H     0001H     ABSOLUTE     
                    E401H     007FH                  *** GAP ***
            XDATA   E480H     0001H     ABSOLUTE     
                    E481H     017FH                  *** GAP ***
            XDATA   E600H     0001H     ABSOLUTE     
            XDATA   E601H     0001H     ABSOLUTE     
            XDATA   E602H     0001H     ABSOLUTE     
            XDATA   E603H     0001H     ABSOLUTE     
            XDATA   E604H     0001H     ABSOLUTE     
            XDATA   E605H     0001H     ABSOLUTE     
            XDATA   E606H     0001H     ABSOLUTE     
            XDATA   E607H     0001H     ABSOLUTE     
            XDATA   E608H     0001H     ABSOLUTE     
            XDATA   E609H     0001H     ABSOLUTE     
            XDATA   E60AH     0001H     ABSOLUTE     
            XDATA   E60BH     0001H     ABSOLUTE     
            XDATA   E60CH     0001H     ABSOLUTE     
                    E60DH     0003H                  *** GAP ***
            XDATA   E610H     0001H     ABSOLUTE     
            XDATA   E611H     0001H     ABSOLUTE     
            XDATA   E612H     0001H     ABSOLUTE     
            XDATA   E613H     0001H     ABSOLUTE     
            XDATA   E614H     0001H     ABSOLUTE     
            XDATA   E615H     0001H     ABSOLUTE     
                    E616H     0002H                  *** GAP ***
            XDATA   E618H     0001H     ABSOLUTE     
            XDATA   E619H     0001H     ABSOLUTE     
            XDATA   E61AH     0001H     ABSOLUTE     
            XDATA   E61BH     0001H     ABSOLUTE     
                    E61CH     0004H                  *** GAP ***
            XDATA   E620H     0001H     ABSOLUTE     
            XDATA   E621H     0001H     ABSOLUTE     
            XDATA   E622H     0001H     ABSOLUTE     
            XDATA   E623H     0001H     ABSOLUTE     
            XDATA   E624H     0001H     ABSOLUTE     
            XDATA   E625H     0001H     ABSOLUTE     
            XDATA   E626H     0001H     ABSOLUTE     
            XDATA   E627H     0001H     ABSOLUTE     
                    E628H     0008H                  *** GAP ***
            XDATA   E630H     0001H     ABSOLUTE     
            XDATA   E631H     0001H     ABSOLUTE     
            XDATA   E632H     0001H     ABSOLUTE     
            XDATA   E633H     0001H     ABSOLUTE     
            XDATA   E634H     0001H     ABSOLUTE     
            XDATA   E635H     0001H     ABSOLUTE     
            XDATA   E636H     0001H     ABSOLUTE     
            XDATA   E637H     0001H     ABSOLUTE     
                    E638H     0008H                  *** GAP ***
            XDATA   E640H     0001H     ABSOLUTE     
            XDATA   E641H     0001H     ABSOLUTE     
            XDATA   E642H     0001H     ABSOLUTE     
            XDATA   E643H     0001H     ABSOLUTE     
BL51 BANKED LINKER/LOCATER V4.13                                                      02/01/2002  17:19:37  PAGE 3


                    E644H     0004H                  *** GAP ***
            XDATA   E648H     0001H     ABSOLUTE     
            XDATA   E649H     0001H     ABSOLUTE     
                    E64AH     0006H                  *** GAP ***
            XDATA   E650H     0001H     ABSOLUTE     
            XDATA   E651H     0001H     ABSOLUTE     
            XDATA   E652H     0001H     ABSOLUTE     
            XDATA   E653H     0001H     ABSOLUTE     
            XDATA   E654H     0001H     ABSOLUTE     
            XDATA   E655H     0001H     ABSOLUTE     
            XDATA   E656H     0001H     ABSOLUTE     
            XDATA   E657H     0001H     ABSOLUTE     
            XDATA   E658H     0001H     ABSOLUTE     
            XDATA   E659H     0001H     ABSOLUTE     
            XDATA   E65AH     0001H     ABSOLUTE     
            XDATA   E65BH     0001H     ABSOLUTE     
            XDATA   E65CH     0001H     ABSOLUTE     
            XDATA   E65DH     0001H     ABSOLUTE     
            XDATA   E65EH     0001H     ABSOLUTE     
            XDATA   E65FH     0001H     ABSOLUTE     
            XDATA   E660H     0001H     ABSOLUTE     
            XDATA   E661H     0001H     ABSOLUTE     
            XDATA   E662H     0001H     ABSOLUTE     
            XDATA   E663H     0001H     ABSOLUTE     
            XDATA   E664H     0001H     ABSOLUTE     
            XDATA   E665H     0001H     ABSOLUTE     
            XDATA   E666H     0001H     ABSOLUTE     
            XDATA   E667H     0001H     ABSOLUTE     
            XDATA   E668H     0001H     ABSOLUTE     
                    E669H     0007H                  *** GAP ***
            XDATA   E670H     0001H     ABSOLUTE     
            XDATA   E671H     0001H     ABSOLUTE     
            XDATA   E672H     0001H     ABSOLUTE     
                    E673H     0005H                  *** GAP ***
            XDATA   E678H     0001H     ABSOLUTE     
            XDATA   E679H     0001H     ABSOLUTE     
            XDATA   E67AH     0001H     ABSOLUTE     
            XDATA   E67BH     0001H     ABSOLUTE     
            XDATA   E67CH     0001H     ABSOLUTE     
            XDATA   E67DH     0001H     ABSOLUTE     
            XDATA   E67EH     0001H     ABSOLUTE     
            XDATA   E67FH     0001H     ABSOLUTE     
            XDATA   E680H     0001H     ABSOLUTE     
            XDATA   E681H     0001H     ABSOLUTE     
            XDATA   E682H     0001H     ABSOLUTE     
            XDATA   E683H     0001H     ABSOLUTE     
            XDATA   E684H     0001H     ABSOLUTE     
            XDATA   E685H     0001H     ABSOLUTE     
            XDATA   E686H     0001H     ABSOLUTE     
            XDATA   E687H     0001H     ABSOLUTE     
                    E688H     0002H                  *** GAP ***
            XDATA   E68AH     0001H     ABSOLUTE     
            XDATA   E68BH     0001H     ABSOLUTE     
                    E68CH     0001H                  *** GAP ***
            XDATA   E68DH     0001H     ABSOLUTE     
                    E68EH     0001H                  *** GAP ***
            XDATA   E68FH     0001H     ABSOLUTE     
BL51 BANKED LINKER/LOCATER V4.13                                                      02/01/2002  17:19:37  PAGE 4


            XDATA   E690H     0001H     ABSOLUTE     
            XDATA   E691H     0001H     ABSOLUTE     
                    E692H     0002H                  *** GAP ***
            XDATA   E694H     0001H     ABSOLUTE     
            XDATA   E695H     0001H     ABSOLUTE     
                    E696H     0002H                  *** GAP ***
            XDATA   E698H     0001H     ABSOLUTE     
            XDATA   E699H     0001H     ABSOLUTE     
                    E69AH     0002H                  *** GAP ***
            XDATA   E69CH     0001H     ABSOLUTE     
            XDATA   E69DH     0001H     ABSOLUTE     
                    E69EH     0002H                  *** GAP ***
            XDATA   E6A0H     0001H     ABSOLUTE     
            XDATA   E6A1H     0001H     ABSOLUTE     
            XDATA   E6A2H     0001H     ABSOLUTE     
            XDATA   E6A3H     0001H     ABSOLUTE     
            XDATA   E6A4H     0001H     ABSOLUTE     
            XDATA   E6A5H     0001H     ABSOLUTE     
            XDATA   E6A6H     0001H     ABSOLUTE     
            XDATA   E6A7H     0001H     ABSOLUTE     
            XDATA   E6A8H     0001H     ABSOLUTE     
            XDATA   E6A9H     0001H     ABSOLUTE     
            XDATA   E6AAH     0001H     ABSOLUTE     
            XDATA   E6ABH     0001H     ABSOLUTE     
            XDATA   E6ACH     0001H     ABSOLUTE     
            XDATA   E6ADH     0001H     ABSOLUTE     
            XDATA   E6AEH     0001H     ABSOLUTE     
            XDATA   E6AFH     0001H     ABSOLUTE     
            XDATA   E6B0H     0001H     ABSOLUTE     
            XDATA   E6B1H     0001H     ABSOLUTE     
            XDATA   E6B2H     0001H     ABSOLUTE     
            XDATA   E6B3H     0001H     ABSOLUTE     
            XDATA   E6B4H     0001H     ABSOLUTE     
            XDATA   E6B5H     0001H     ABSOLUTE     
                    E6B6H     0002H                  *** GAP ***
            XDATA   E6B8H     0008H     ABSOLUTE     
            XDATA   E6C0H     0001H     ABSOLUTE     
            XDATA   E6C1H     0001H     ABSOLUTE     
            XDATA   E6C2H     0001H     ABSOLUTE     
            XDATA   E6C3H     0001H     ABSOLUTE     
            XDATA   E6C4H     0001H     ABSOLUTE     
            XDATA   E6C5H     0001H     ABSOLUTE     
            XDATA   E6C6H     0001H     ABSOLUTE     
            XDATA   E6C7H     0001H     ABSOLUTE     
            XDATA   E6C8H     0001H     ABSOLUTE     
            XDATA   E6C9H     0001H     ABSOLUTE     
            XDATA   E6CAH     0001H     ABSOLUTE     
            XDATA   E6CBH     0001H     ABSOLUTE     
            XDATA   E6CCH     0001H     ABSOLUTE     
            XDATA   E6CDH     0001H     ABSOLUTE     
            XDATA   E6CEH     0001H     ABSOLUTE     
            XDATA   E6CFH     0001H     ABSOLUTE     
            XDATA   E6D0H     0001H     ABSOLUTE     
            XDATA   E6D1H     0001H     ABSOLUTE     
            XDATA   E6D2H     0001H     ABSOLUTE     
            XDATA   E6D3H     0001H     ABSOLUTE     
            XDATA   E6D4H     0001H     ABSOLUTE     
BL51 BANKED LINKER/LOCATER V4.13                                                      02/01/2002  17:19:37  PAGE 5


                    E6D5H     0005H                  *** GAP ***
            XDATA   E6DAH     0001H     ABSOLUTE     
            XDATA   E6DBH     0001H     ABSOLUTE     
            XDATA   E6DCH     0001H     ABSOLUTE     
                    E6DDH     0005H                  *** GAP ***
            XDATA   E6E2H     0001H     ABSOLUTE     
            XDATA   E6E3H     0001H     ABSOLUTE     
            XDATA   E6E4H     0001H     ABSOLUTE     
                    E6E5H     0005H                  *** GAP ***
            XDATA   E6EAH     0001H     ABSOLUTE     
            XDATA   E6EBH     0001H     ABSOLUTE     
            XDATA   E6ECH     0001H     ABSOLUTE     
                    E6EDH     0003H                  *** GAP ***
            XDATA   E6F0H     0001H     ABSOLUTE     
            XDATA   E6F1H     0001H     ABSOLUTE     
            XDATA   E6F2H     0001H     ABSOLUTE     
            XDATA   E6F3H     0001H     ABSOLUTE     
            XDATA   E6F4H     0001H     ABSOLUTE     
            XDATA   E6F5H     0001H     ABSOLUTE     
                    E6F6H     0002H                  *** GAP ***
            XDATA   E6F8H     0001H     ABSOLUTE     
            XDATA   E6F9H     0001H     ABSOLUTE     
            XDATA   E6FAH     0001H     ABSOLUTE     
            XDATA   E6FBH     0001H     ABSOLUTE     
            XDATA   E6FCH     0001H     ABSOLUTE     
            XDATA   E6FDH     0001H     ABSOLUTE     
            XDATA   E6FEH     0001H     ABSOLUTE     
                    E6FFH     0041H                  *** GAP ***
            XDATA   E740H     0040H     ABSOLUTE     
            XDATA   E780H     0040H     ABSOLUTE     
            XDATA   E7C0H     0040H     ABSOLUTE     
                    E800H     0800H                  *** GAP ***
            XDATA   F000H     0400H     ABSOLUTE     
            XDATA   F400H     0400H     ABSOLUTE     
            XDATA   F800H     0400H     ABSOLUTE     
            XDATA   FC00H     0400H     ABSOLUTE     

            * * * * * * *   C O D E   M E M O R Y   * * * * * * *
            CODE    0000H     0003H     ABSOLUTE     
            CODE    0003H     0020H     INBLOCK      ?PR?_CONFIGUREATATRANSFERMODE?ATARESET
            CODE    0023H     0003H     ABSOLUTE     
            CODE    0026H     000CH     INBLOCK      ?PR?ABORTGPIF?GPIF
                    0032H     0001H                  *** GAP ***
            CODE    0033H     0003H     ABSOLUTE     
            CODE    0036H     0004H     INBLOCK      ?PR?RESUME_ISR?FW
                    003AH     0001H                  *** GAP ***
            CODE    003BH     0003H     ABSOLUTE     
            CODE    003EH     0002H     INBLOCK      ?PR?CHECKFORMEDIA?IDE
                    0040H     0003H                  *** GAP ***
            CODE    0043H     0003H     ABSOLUTE     
            CODE    0046H     000CH     INBLOCK      ?PR?EESTARTANDADDR?EEPROM
                    0052H     0001H                  *** GAP ***
            CODE    0053H     0003H     ABSOLUTE     
            CODE    0056H     029BH     INBLOCK      ?PR?GENERALIDEINCOMMAND?IDE
            CODE    02F1H     0200H     INBLOCK      ?PR?SETUPCOMMAND?FW
            CODE    04F1H     01C5H     INBLOCK      ?PR?ATAPIIDDEVICE?ATARESET
            CODE    06B6H     0134H     INBLOCK      ?PR?SCSIWRITE?SCSI
BL51 BANKED LINKER/LOCATER V4.13                                                      02/01/2002  17:19:37  PAGE 6


            CODE    07EAH     0015H     INBLOCK      ?PR?WAITFORINTRQ?PERIPH
                    07FFH     0001H                  *** GAP ***
            CODE    0800H     01BAH     INBLOCK      ?PR?IDEREADCOMMAND?IDE
            CODE    09BAH     01B7H     INBLOCK      ?PR?IDEWRITECOMMAND?IDE
            CODE    0B71H     0127H     INBLOCK      ?PR?INDATAFROMDRIVE?SCSI
            CODE    0C98H     010EH     INBLOCK      ?PR?_READPIO16TOXDATA?PERIPH
            CODE    0DA6H     0100H     UNIT         ?CO?GPIF
            CODE    0EA6H     00CFH     INBLOCK      ?PR?PROCESSCBW?PERIPH
            CODE    0F75H     0087H     INBLOCK      ?PR?_SENDSCSICOMMAND?SCSI
                    0FFCH     0004H                  *** GAP ***
            CODE    1000H     0004H     ABSOLUTE     
            CODE    1004H     0008H     INBLOCK      ?PR?WAITFORINBUFFER?IDE
            CODE    100CH     000CH     ABSOLUTE     
            CODE    1018H     00CAH     INBLOCK      ?PR?IDE
            CODE    10E2H     001CH     INBLOCK      ?PR?ATARESET
                    10FEH     0002H                  *** GAP ***
            CODE    1100H     00C6H     PAGE         DSCR
            CODE    11C6H     00A0H     INBLOCK      ?PR?MAIN?FW
            CODE    1266H     009BH     INBLOCK      ?PR?_WRITEUDMA?GPIF
            CODE    1301H     0084H     INBLOCK      ?PR?RESETATAPIDEVICE?ATARESET
            CODE    1385H     0084H     INBLOCK      ?PR?ISR_URES?PERIPH
            CODE    1409H     0081H     INBLOCK      ?PR?INDATAFROMDRIVEUDMA?SCSI
            CODE    148AH     0079H     INBLOCK      ?PR?INITUSB?PERIPH
            CODE    1503H     0076H     INBLOCK      ?PR?PERIPH
            CODE    1579H     0075H     INBLOCK      ?PR?GENERALSCSIINCOMMAND?SCSI
            CODE    15EEH     006FH     UNIT         ?C?LIB_CODE
            CODE    165DH     0063H     INBLOCK      ?PR?_EEPROMWRITE?EEPROM
            CODE    16C0H     0060H     INBLOCK      ?PR?_SENDUSBS?PERIPH
            CODE    1720H     005EH     INBLOCK      ?PR?GENERALSCSIOUTCOMMAND?SCSI
            CODE    177EH     005EH     INBLOCK      ?PR?_EEPROMWRITEPAGE?EEPROM
            CODE    17DCH     0024H     UNIT         ?CO?SCSI
            CODE    1800H     0059H     INBLOCK      ?PR?TD_INIT?PERIPH
            CODE    1859H     0058H     INBLOCK      ?PR?SCSI
            CODE    18B1H     0057H     INBLOCK      ?PR?TD_POLL?PERIPH
            CODE    1908H     0050H     INBLOCK      ?PR?ISR_HIGHSPEED?PERIPH
            CODE    1958H     004CH     INBLOCK      ?PR?STALLEP2OUT?PERIPH
            CODE    19A4H     0046H     INBLOCK      ?PR?DWLBATOLBAREGS?IDE
            CODE    19EAH     0043H     INBLOCK      ?PR?_READUDMA?GPIF
            CODE    1A2DH     0041H     INBLOCK      ?PR?ISR_SUDAV?PERIPH
            CODE    1A6EH     0041H     UNIT         ?PR?_EZUSB_DELAY?DELAY
            CODE    1AAFH     0039H     INBLOCK      ?PR?INITUDMAWRITE?GPIF
            CODE    1AE8H     0037H     INBLOCK      ?PR?_MYMEMMOVEXX?PERIPH
            CODE    1B1FH     0037H     INBLOCK      ?PR?SCSITESTUNITREADY?SCSI
            CODE    1B56H     0036H     INBLOCK      ?PR?_WRITEPIO16?GPIF
            CODE    1B8CH     0036H     UNIT         ?CO?IDE
            CODE    1BC2H     0036H     INBLOCK      ?PR?SCSIWRITEUDMA?SCSI
            CODE    1BF8H     0034H     INBLOCK      ?PR?_READWORDPIO8?GPIF
            CODE    1C2CH     0034H     INBLOCK      ?PR?PREPAREFORATAPICOMMAND?SCSI
            CODE    1C60H     0032H     INBLOCK      ?PR?FW
            CODE    1C92H     0031H     UNIT         ?CO?PERIPH
            CODE    1CC3H     0030H     INBLOCK      ?PR?GENERALIDEOUTCOMMAND?IDE
            CODE    1CF3H     0030H     INBLOCK      ?PR?SCSIINQUIRYTOATAPI?SCSI
            CODE    1D23H     002FH     UNIT         ?PR?EZUSB_DISCON?DISCON
            CODE    1D52H     002AH     INBLOCK      ?PR?INITUDMAREAD?GPIF
            CODE    1D7CH     0027H     INBLOCK      ?PR?_EZUSB_GETSTRINGDSCR?FW
            CODE    1DA3H     0025H     INBLOCK      ?PR?_READPIO16?GPIF
            CODE    1DC8H     0023H     INBLOCK      ?PR?_READPIO8?GPIF
BL51 BANKED LINKER/LOCATER V4.13                                                      02/01/2002  17:19:37  PAGE 7


            CODE    1DEBH     0021H     UNIT         EEPROMSEG
            CODE    1E0CH     0020H     INBLOCK      ?PR?_WRITEPIO8?GPIF
            CODE    1E2CH     0018H     INBLOCK      ?PR?WAITFORBUSYBIT?PERIPH
            CODE    1E44H     0018H     INBLOCK      ?PR?RESETANDARMEP2?PERIPH
            CODE    1E5CH     0018H     INBLOCK      ?PR?GETDRIVEDATALEN?SCSI
            CODE    1E74H     0014H     INBLOCK      ?PR?DISCONANDWAITFORVBUS?FW
            CODE    1E88H     0013H     INBLOCK      ?PR?FAILEDIN?PERIPH
            CODE    1E9BH     0011H     UNIT         EZUSB
            CODE    1EACH     000EH     INBLOCK      ?PR?HARDWARERESET?GPIF
            CODE    1EBAH     0009H     INBLOCK      ?PR?ISR_SUSP?PERIPH
            CODE    1EC3H     0007H     UNIT         SOFTRESETSEG
            CODE    1ECAH     0006H     UNIT         ?C_C51STARTUP
            CODE    1ED0H     0006H     INBLOCK      ?PR?READATAPI_STATUS_REG?GPIF



OVERLAY MAP OF MODULE:   fx2_ata (DSCR)


SEGMENT                                           BIT_GROUP          DATA_GROUP 
  +--> CALLED SEGMENT                          START    LENGTH     START    LENGTH
----------------------------------------------------------------------------------
?C_C51STARTUP                                  -----    -----      -----    -----
  +--> ?PR?MAIN?FW

?PR?MAIN?FW                                    -----    -----      -----    -----
  +--> ?PR?ABORTGPIF?GPIF
  +--> ?PR?TD_INIT?PERIPH
  +--> ?PR?_MYMEMMOVEXX?PERIPH
  +--> ?PR?FW
  +--> ?PR?EZUSB_DISCON?DISCON
  +--> ?PR?DISCONANDWAITFORVBUS?FW
  +--> ?PR?TD_POLL?PERIPH

?PR?TD_INIT?PERIPH                             -----    -----      0022H    0001H
  +--> ?PR?INITUSB?PERIPH
  +--> ?CO?GPIF
  +--> ?PR?_MYMEMMOVEXX?PERIPH
  +--> ?CO?PERIPH
  +--> ?PR?RESETATAPIDEVICE?ATARESET
  +--> ?PR?SCSITESTUNITREADY?SCSI
  +--> ?PR?ATAPIIDDEVICE?ATARESET
  +--> ?PR?SCSIINQUIRYTOATAPI?SCSI

?PR?INITUSB?PERIPH                             -----    -----      -----    -----
  +--> ?PR?RESETANDARMEP2?PERIPH

?PR?RESETANDARMEP2?PERIPH                      -----    -----      -----    -----
  +--> ?PR?PERIPH

?PR?_MYMEMMOVEXX?PERIPH                        -----    -----      002AH    0004H

?PR?RESETATAPIDEVICE?ATARESET                  0020H.3  0000H.1    0023H    0002H
  +--> ?PR?HARDWARERESET?GPIF
  +--> ?PR?_EZUSB_DELAY?DELAY
  +--> ?PR?READATAPI_STATUS_REG?GPIF
  +--> ?PR?_READPIO8?GPIF
BL51 BANKED LINKER/LOCATER V4.13                                                      02/01/2002  17:19:37  PAGE 8


  +--> ?PR?_WRITEPIO8?GPIF
  +--> ?PR?SCSITESTUNITREADY?SCSI

?PR?HARDWARERESET?GPIF                         -----    -----      -----    -----
  +--> ?PR?_EZUSB_DELAY?DELAY

?PR?_EZUSB_DELAY?DELAY                         -----    -----      0030H    0002H

?PR?READATAPI_STATUS_REG?GPIF                  -----    -----      -----    -----
  +--> ?PR?_READPIO8?GPIF

?PR?SCSITESTUNITREADY?SCSI                     0020H.4  0000H.1    -----    -----
  +--> ?CO?SCSI
  +--> ?PR?_SENDSCSICOMMAND?SCSI
  +--> ?PR?_READPIO16TOXDATA?PERIPH

?PR?_SENDSCSICOMMAND?SCSI                      -----    -----      0026H    0005H
  +--> ?PR?PREPAREFORATAPICOMMAND?SCSI
  +--> ?PR?READATAPI_STATUS_REG?GPIF
  +--> ?PR?_WRITEPIO8?GPIF
  +--> ?PR?_READPIO8?GPIF

?PR?PREPAREFORATAPICOMMAND?SCSI                -----    -----      -----    -----
  +--> ?PR?_WRITEPIO8?GPIF
  +--> ?PR?READATAPI_STATUS_REG?GPIF

?PR?_READPIO16TOXDATA?PERIPH                   0020H.5  0000H.1    0025H    000EH
  +--> ?PR?READATAPI_STATUS_REG?GPIF
  +--> ?PR?GETDRIVEDATALEN?SCSI
  +--> ?PR?PERIPH
  +--> ?PR?_READWORDPIO8?GPIF
  +--> ?PR?_READPIO16?GPIF

?PR?GETDRIVEDATALEN?SCSI                       -----    -----      -----    -----
  +--> ?PR?_READPIO8?GPIF

?PR?ATAPIIDDEVICE?ATARESET                     -----    -----      0023H    0002H
  +--> ?PR?_WRITEPIO8?GPIF
  +--> ?PR?READATAPI_STATUS_REG?GPIF
  +--> ?PR?WAITFORINTRQ?PERIPH
  +--> ?PR?_READPIO16TOXDATA?PERIPH
  +--> ?PR?ATARESET
  +--> ?PR?_CONFIGUREATATRANSFERMODE?ATARESET
  +--> ?CO?GPIF
  +--> ?PR?_MYMEMMOVEXX?PERIPH

?PR?WAITFORINTRQ?PERIPH                        -----    -----      -----    -----
  +--> ?PR?READATAPI_STATUS_REG?GPIF

?PR?_CONFIGUREATATRANSFERMODE?ATARESET         -----    -----      -----    -----
  +--> ?PR?_WRITEPIO8?GPIF

?PR?SCSIINQUIRYTOATAPI?SCSI                    0020H.3  0000H.1    -----    -----
  +--> ?CO?SCSI
  +--> ?PR?_SENDSCSICOMMAND?SCSI
  +--> ?PR?FAILEDIN?PERIPH
  +--> ?PR?WAITFORINTRQ?PERIPH
BL51 BANKED LINKER/LOCATER V4.13                                                      02/01/2002  17:19:37  PAGE 9


  +--> ?PR?_READPIO16TOXDATA?PERIPH

?PR?FAILEDIN?PERIPH                            -----    -----      -----    -----
  +--> ?PR?PERIPH

?PR?EZUSB_DISCON?DISCON                        0020H.3  0000H.1    -----    -----
  +--> ?PR?_EZUSB_DELAY?DELAY

?PR?TD_POLL?PERIPH                             -----    -----      0022H    0002H
  +--> ?CO?PERIPH
  +--> ?PR?PROCESSCBW?PERIPH

?PR?PROCESSCBW?PERIPH                          -----    -----      0024H    0001H
  +--> ?PR?PERIPH
  +--> ?PR?_EEPROMWRITE?EEPROM
  +--> ?PR?_SENDUSBS?PERIPH
  +--> ?PR?_MYMEMMOVEXX?PERIPH
  +--> ?PR?WAITFORINBUFFER?IDE
  +--> ?PR?GENERALSCSIINCOMMAND?SCSI
  +--> ?PR?GENERALIDEINCOMMAND?IDE
  +--> ?PR?GENERALSCSIOUTCOMMAND?SCSI
  +--> ?PR?GENERALIDEOUTCOMMAND?IDE

?PR?_EEPROMWRITE?EEPROM                        -----    -----      0025H    0006H
  +--> ?PR?_EEPROMWRITEPAGE?EEPROM

?PR?_EEPROMWRITEPAGE?EEPROM                    -----    -----      002BH    0013H
  +--> ?PR?EESTARTANDADDR?EEPROM

?PR?_SENDUSBS?PERIPH                           0020H.3  0000H.1    0025H    0001H
  +--> ?PR?RESETANDARMEP2?PERIPH

?PR?GENERALSCSIINCOMMAND?SCSI                  -----    -----      0025H    0001H
  +--> ?PR?_SENDSCSICOMMAND?SCSI
  +--> ?PR?FAILEDIN?PERIPH
  +--> ?PR?READATAPI_STATUS_REG?GPIF
  +--> ?PR?INDATAFROMDRIVEUDMA?SCSI
  +--> ?PR?INDATAFROMDRIVE?SCSI
  +--> ?PR?SCSI

?PR?INDATAFROMDRIVEUDMA?SCSI                   -----    -----      -----    -----
  +--> ?PR?INITUDMAREAD?GPIF
  +--> ?PR?SCSI
  +--> ?PR?_READUDMA?GPIF
  +--> ?PR?READATAPI_STATUS_REG?GPIF
  +--> ?PR?_READPIO8?GPIF
  +--> ?PR?_CONFIGUREATATRANSFERMODE?ATARESET

?PR?_READUDMA?GPIF                             -----    -----      0031H    0004H
  +--> ?PR?ABORTGPIF?GPIF

?PR?INDATAFROMDRIVE?SCSI                       0020H.3  0000H.2    0026H    0007H
  +--> ?PR?_READPIO8?GPIF
  +--> ?PR?SCSI
  +--> ?PR?GETDRIVEDATALEN?SCSI
  +--> ?PR?WAITFORINBUFFER?IDE
  +--> ?PR?_READPIO16?GPIF
BL51 BANKED LINKER/LOCATER V4.13                                                      02/01/2002  17:19:37  PAGE 10


  +--> ?PR?READATAPI_STATUS_REG?GPIF

?PR?GENERALIDEINCOMMAND?IDE                    0020H.3  0000H.1    0025H    0005H
  +--> ?PR?IDE
  +--> ?PR?WAITFORINBUFFER?IDE
  +--> ?PR?_MYMEMMOVEXX?PERIPH
  +--> ?PR?CHECKFORMEDIA?IDE
  +--> ?CO?IDE
  +--> ?PR?IDEREADCOMMAND?IDE
  +--> ?PR?FAILEDIN?PERIPH

?PR?IDE                                        -----    -----      -----    -----
  +--> ?CO?IDE

?PR?IDEREADCOMMAND?IDE                         0020H.4  0000H.1    002AH    0007H
  +--> ?PR?IDE
  +--> ?PR?_WRITEPIO8?GPIF
  +--> ?PR?WAITFORBUSYBIT?PERIPH
  +--> ?PR?DWLBATOLBAREGS?IDE
  +--> ?PR?READATAPI_STATUS_REG?GPIF
  +--> ?PR?_READPIO8?GPIF
  +--> ?PR?FAILEDIN?PERIPH
  +--> ?PR?WAITFORINBUFFER?IDE
  +--> ?PR?_READPIO16?GPIF
  +--> ?PR?INITUDMAREAD?GPIF
  +--> ?PR?_READUDMA?GPIF
  +--> ?CO?IDE

?PR?WAITFORBUSYBIT?PERIPH                      -----    -----      0031H    0001H
  +--> ?PR?READATAPI_STATUS_REG?GPIF

?PR?DWLBATOLBAREGS?IDE                         -----    -----      -----    -----
  +--> ?PR?IDE
  +--> ?PR?_WRITEPIO8?GPIF

?PR?GENERALSCSIOUTCOMMAND?SCSI                 -----    -----      0025H    0001H
  +--> ?PR?_SENDSCSICOMMAND?SCSI
  +--> ?PR?SCSI
  +--> ?PR?STALLEP2OUT?PERIPH
  +--> ?PR?SCSIWRITEUDMA?SCSI
  +--> ?PR?SCSIWRITE?SCSI

?PR?STALLEP2OUT?PERIPH                         -----    -----      002EH    0002H
  +--> ?PR?PERIPH
  +--> ?PR?_EZUSB_DELAY?DELAY
  +--> ?PR?RESETANDARMEP2?PERIPH

?PR?SCSIWRITEUDMA?SCSI                         -----    -----      -----    -----
  +--> ?PR?SCSI
  +--> ?PR?_WRITEUDMA?GPIF
  +--> ?PR?READATAPI_STATUS_REG?GPIF

?PR?_WRITEUDMA?GPIF                            -----    -----      002CH    0009H
  +--> ?PR?INITUDMAWRITE?GPIF
  +--> ?PR?ABORTGPIF?GPIF

?PR?SCSIWRITE?SCSI                             0020H.3  0000H.2    0026H    0008H
BL51 BANKED LINKER/LOCATER V4.13                                                      02/01/2002  17:19:37  PAGE 11


  +--> ?PR?READATAPI_STATUS_REG?GPIF
  +--> ?PR?SCSI
  +--> ?PR?GETDRIVEDATALEN?SCSI
  +--> ?PR?_WRITEPIO16?GPIF
  +--> ?PR?STALLEP2OUT?PERIPH

?PR?_WRITEPIO16?GPIF                           -----    -----      002EH    0002H

?PR?GENERALIDEOUTCOMMAND?IDE                   -----    -----      -----    -----
  +--> ?PR?IDE
  +--> ?PR?CHECKFORMEDIA?IDE
  +--> ?CO?IDE
  +--> ?PR?IDEWRITECOMMAND?IDE
  +--> ?PR?STALLEP2OUT?PERIPH

?PR?IDEWRITECOMMAND?IDE                        -----    -----      0025H    0007H
  +--> ?PR?IDE
  +--> ?PR?_WRITEPIO8?GPIF
  +--> ?PR?WAITFORBUSYBIT?PERIPH
  +--> ?PR?DWLBATOLBAREGS?IDE
  +--> ?PR?_WRITEUDMA?GPIF
  +--> ?PR?READATAPI_STATUS_REG?GPIF
  +--> ?PR?_READPIO8?GPIF
  +--> ?CO?IDE
  +--> ?PR?_WRITEPIO16?GPIF

*** NEW ROOT ***************************************************

?PR?ISR_SUDAV?PERIPH                           -----    -----      -----    -----
  +--> ?PR?SETUPCOMMAND?FW

?PR?SETUPCOMMAND?FW                            -----    -----      -----    -----
  +--> ?PR?FW
  +--> ?PR?_EZUSB_GETSTRINGDSCR?FW
  +--> ?PR?RESETANDARMEP2?PERIPH

*** NEW ROOT ***************************************************

?PR?ISR_URES?PERIPH                            -----    -----      -----    -----
  +--> ?PR?PERIPH
  +--> ?PR?RESETANDARMEP2?PERIPH

*** NEW ROOT ***************************************************

?PR?ISR_HIGHSPEED?PERIPH                       -----    -----      -----    -----
  +--> ?PR?PERIPH



SYMBOL TABLE OF MODULE:  fx2_ata (DSCR)

  VALUE           TYPE          NAME
  ----------------------------------

  -------         MODULE        DSCR
  C:1100H         SEGMENT       DSCR
  C:1100H         PUBLIC        DEVICEDSCR
BL51 BANKED LINKER/LOCATER V4.13                                                      02/01/2002  17:19:37  PAGE 12


  N:0000H         PUBLIC        DEVICEDSCROFFSET
  C:1112H         PUBLIC        DEVICEQUALDSCR
  N:0012H         PUBLIC        DEVICEQUALDSCROFFSET
  C:11C6H         PUBLIC        DSCREND
  N:00C6H         PUBLIC        DSCRENDOFFSET
  C:113CH         PUBLIC        FULLSPEEDCONFIGDSCR
  N:003CH         PUBLIC        FULLSPEEDCONFIGDSCROFFSET
  C:111CH         PUBLIC        HIGHSPEEDCONFIGDSCR
  N:001CH         PUBLIC        HIGHSPEEDCONFIGDSCROFFSET
  C:114BH         PUBLIC        INTRFCSUBCLASSFULLSPEED
  N:004BH         PUBLIC        INTRFCSUBCLASSFULLSPEEDOFFSET
  C:112BH         PUBLIC        INTRFCSUBCLASSHIGHSPEED
  N:002BH         PUBLIC        INTRFCSUBCLASSHIGHSPEEDOFFSET
  C:1172H         PUBLIC        SERIALNUMBER
  N:0072H         PUBLIC        SERIALNUMBEROFFSET
  C:115CH         PUBLIC        STRINGDSCR
  C:115CH         PUBLIC        STRINGDSCR0
  C:1160H         PUBLIC        STRINGDSCR1
  C:1170H         PUBLIC        STRINGDSCR2
  C:118AH         PUBLIC        STRINGDSCR3
  N:005CH         PUBLIC        STRINGDSCROFFSET
  C:11C4H         PUBLIC        USERDSCR
  N:00C4H         PUBLIC        USERDSCROFFSET
  N:0002H         SYMBOL        DSCR_CONFIG
  N:0009H         SYMBOL        DSCR_CONFIG_LEN
  N:0001H         SYMBOL        DSCR_DEVICE
  N:0012H         SYMBOL        DSCR_DEVICE_LEN
  N:0006H         SYMBOL        DSCR_DEVQUAL
  N:000AH         SYMBOL        DSCR_DEVQUAL_LEN
  N:0005H         SYMBOL        DSCR_ENDPNT
  N:0007H         SYMBOL        DSCR_ENDPNT_LEN
  N:0004H         SYMBOL        DSCR_INTRFC
  N:0009H         SYMBOL        DSCR_INTRFC_LEN
  N:0003H         SYMBOL        DSCR_STRING
  N:0002H         SYMBOL        ET_BULK
  N:0000H         SYMBOL        ET_CONTROL
  N:0003H         SYMBOL        ET_INT
  N:0001H         SYMBOL        ET_ISO
  C:115CH         SYMBOL        FULLSPEEDCONFIGDSCREND
  C:113CH         SYMBOL        HIGHSPEEDCONFIGDSCREND
  N:0050H         SYMBOL        MASS_STORAGE_BOT
  N:0008H         SYMBOL        MASS_STORAGE_CLASS
  N:0006H         SYMBOL        MASS_STORAGE_SCSICMD
  C:1160H         SYMBOL        STRINGDSCR0END
  C:1170H         SYMBOL        STRINGDSCR1END
  C:118AH         SYMBOL        STRINGDSCR2END
  C:11C4H         SYMBOL        STRINGDSCR3END
  -------         ENDMOD        DSCR

  -------         MODULE        RESET
  I:0062H         SEGMENT       ?STACK
  C:1EC3H         SEGMENT       SOFTRESETSEG
  C:1EC3H         PUBLIC        SOFTRESET
  D:00E0H         SYMBOL        ACC
  C:1EC3H         LINE#         9
  C:1EC5H         LINE#         10
  C:1EC7H         LINE#         11
BL51 BANKED LINKER/LOCATER V4.13                                                      02/01/2002  17:19:37  PAGE 13


  C:1EC9H         LINE#         12
  -------         ENDMOD        RESET

  -------         MODULE        ?C_STARTUP
  C:1ECAH         SEGMENT       ?C_C51STARTUP
  I:0062H         SEGMENT       ?STACK
  C:0000H         PUBLIC        ?C_STARTUP
  N:0000H         SYMBOL        IBPSTACK
  N:0100H         SYMBOL        IBPSTACKTOP
  N:0080H         SYMBOL        IDATALEN
  N:0000H         SYMBOL        PBPSTACK
  N:0000H         SYMBOL        PBPSTACKTOP
  N:0000H         SYMBOL        PDATALEN
  N:0000H         SYMBOL        PDATASTART
  N:0000H         SYMBOL        PPAGE
  N:0000H         SYMBOL        PPAGEENABLE
  D:0081H         SYMBOL        SP
  C:1ECAH         SYMBOL        STARTUP1
  N:0000H         SYMBOL        XBPSTACK
  N:0000H         SYMBOL        XBPSTACKTOP
  N:0000H         SYMBOL        XDATALEN
  N:0000H         SYMBOL        XDATASTART
  C:0000H         LINE#         80
  C:1ECAH         LINE#         139
  C:1ECDH         LINE#         140
  -------         ENDMOD        ?C_STARTUP

  -------         MODULE        USBJMPTBL
  N:0045H         PUBLIC        USB_INT2AUTOVECTOR
  C:1000H         PUBLIC        USB_JUMP_TABLE
  N:0000H         SYMBOL        USBJMPTBL
  C:0043H         LINE#         29
  C:1000H         LINE#         40
  C:100CH         LINE#         47
  C:1010H         LINE#         49
  C:1014H         LINE#         51
  -------         ENDMOD        USBJMPTBL

  -------         MODULE        ATARESET
  C:0000H         SYMBOL        _ICE_DUMMY_
  B:0080H.6       PUBLIC        SEL
  B:0088H.0       PUBLIC        IT0
  B:0088H.1       PUBLIC        IE0
  B:0088H.2       PUBLIC        IT1
  B:0088H.3       PUBLIC        IE1
  B:0088H.4       PUBLIC        TR0
  B:0088H.5       PUBLIC        TF0
  B:0088H.6       PUBLIC        TR1
  B:0088H.7       PUBLIC        TF1
  B:0098H.0       PUBLIC        RI
  B:0098H.1       PUBLIC        TI
  B:0098H.2       PUBLIC        RB8
  B:0098H.3       PUBLIC        TB8
  B:0098H.4       PUBLIC        REN
  B:0098H.5       PUBLIC        SM2
  B:0098H.6       PUBLIC        SM1
  B:0098H.7       PUBLIC        SM0
BL51 BANKED LINKER/LOCATER V4.13                                                      02/01/2002  17:19:37  PAGE 14


  B:00A8H.0       PUBLIC        EX0
  B:00A8H.1       PUBLIC        ET0
  B:00A8H.2       PUBLIC        EX1
  B:00A8H.3       PUBLIC        ET1
  B:00A8H.4       PUBLIC        ES0
  B:00A8H.5       PUBLIC        ET2
  B:00A8H.6       PUBLIC        ES1
  B:00A8H.7       PUBLIC        EA
  B:00A8H.7       PUBLIC        EXTACC
  B:00B0H.0       PUBLIC        APTR1FZ
  B:00B0H.1       PUBLIC        APTR2FZ
  B:00B8H.0       PUBLIC        PX0
  B:00B8H.1       PUBLIC        PT0
  B:00B8H.2       PUBLIC        PX1
  B:00B8H.3       PUBLIC        PT1
  B:00B8H.4       PUBLIC        PS0
  B:00B8H.5       PUBLIC        PT2
  B:00B8H.6       PUBLIC        PS1
  B:00C0H.0       PUBLIC        RI1
  B:00C0H.1       PUBLIC        TI1
  B:00C0H.2       PUBLIC        RB81
  B:00C0H.3       PUBLIC        TB81
  B:00C0H.4       PUBLIC        REN1
  B:00C0H.5       PUBLIC        SM21
  B:00C0H.6       PUBLIC        SM11
  B:00C0H.7       PUBLIC        SM01
  B:00C8H.0       PUBLIC        CP_RL2
  B:00C8H.1       PUBLIC        C_T2
  B:00C8H.2       PUBLIC        TR2
  B:00C8H.3       PUBLIC        EXEN2
  B:00C8H.4       PUBLIC        TCLK
  B:00C8H.5       PUBLIC        RCLK
  B:00C8H.6       PUBLIC        EXF2
  B:00C8H.7       PUBLIC        TF2
  B:00D0H.0       PUBLIC        P
  B:00D0H.1       PUBLIC        FL
  B:00D0H.2       PUBLIC        OV
  B:00D0H.3       PUBLIC        RS0
  B:00D0H.4       PUBLIC        RS1
  B:00D0H.5       PUBLIC        F0
  B:00D0H.6       PUBLIC        AC
  B:00D0H.7       PUBLIC        CY
  B:00D8H.3       PUBLIC        INT6
  B:00D8H.4       PUBLIC        RESI
  B:00D8H.5       PUBLIC        ERESI
  B:00D8H.7       PUBLIC        SMOD1
  B:00E8H.0       PUBLIC        EUSB
  B:00E8H.1       PUBLIC        EI2C
  B:00E8H.2       PUBLIC        EIEX4
  B:00E8H.3       PUBLIC        EIEX5
  B:00E8H.4       PUBLIC        EIEX6
  B:00F8H.0       PUBLIC        PUSB
  B:00F8H.1       PUBLIC        PI2C
  B:00F8H.2       PUBLIC        EIPX4
  B:00F8H.3       PUBLIC        EIPX5
  B:00F8H.4       PUBLIC        EIPX6
  C:0003H         PUBLIC        _configureATATransferMode
BL51 BANKED LINKER/LOCATER V4.13                                                      02/01/2002  17:19:37  PAGE 15


  C:1301H         PUBLIC        resetATAPIDevice
  C:04F1H         PUBLIC        ATAPIIdDevice
  D:003EH         PUBLIC        udmaMode
  B:0021H.0       PUBLIC        bExtAddrSupport
  X:E000H         PUBLIC        halfKBuffer
  D:003FH         PUBLIC        MaxPIO
  I:004AH         PUBLIC        localSerialNumber
  D:0040H         PUBLIC        NumCylindersMSB
  D:0041H         PUBLIC        NumCylindersLSB
  D:0042H         PUBLIC        NumHeads
  D:0043H         PUBLIC        NumSectPerTrack
  C:10E2H         SYMBOL        Com0031
  C:10E2H         SYMBOL        L?0050
  C:10F2H         SYMBOL        L?0051
  -------         PROC          COM0031
  -------         ENDPROC       COM0031
  -------         PROC          RESETATAPIDEVICE
  -------         DO            RESETATAPIDEVICE
  B:0020H.3       SYMBOL        done
  D:0023H         SYMBOL        driveStatus
  D:0024H         SYMBOL        count
  -------         ENDDO         count
  C:1301H         LINE#         26
  C:1301H         LINE#         27
  C:1301H         LINE#         29
  C:1303H         LINE#         35
  C:1306H         LINE#         36
  C:1306H         LINE#         38
  C:1309H         LINE#         40
  C:1310H         LINE#         46
  C:1327H         LINE#         47
  C:1327H         LINE#         48
  C:132EH         LINE#         49
  C:132EH         LINE#         46
  C:1337H         LINE#         51
  C:133DH         LINE#         52
  C:133DH         LINE#         55
  C:134DH         LINE#         56
  C:134DH         LINE#         57
  C:134FH         LINE#         58
  C:1351H         LINE#         59
  C:1353H         LINE#         62
  C:1353H         LINE#         63
  C:135CH         LINE#         64
  C:1368H         LINE#         65
  C:1368H         LINE#         66
  C:136AH         LINE#         67
  C:136CH         LINE#         68
  C:136EH         LINE#         70
  C:1375H         LINE#         71
  C:1375H         LINE#         73
  C:1377H         LINE#         75
  C:137EH         LINE#         78
  C:1381H         LINE#         79
  C:1384H         LINE#         81
  -------         ENDPROC       RESETATAPIDEVICE
  -------         PROC          ATAPIIDDEVICE
BL51 BANKED LINKER/LOCATER V4.13                                                      02/01/2002  17:19:37  PAGE 16


  -------         DO            ATAPIIDDEVICE
  D:0007H         SYMBOL        i
  D:0023H         SYMBOL        driveStatus
  -------         DO            driveStatus
  D:0024H         SYMBOL        timeout
  -------         ENDDO         timeout
  -------         ENDDO         timeout
  C:04F1H         LINE#         85
  C:04F1H         LINE#         86
  C:04F1H         LINE#         92
  C:04F1H         LINE#         93
  C:04FAH         LINE#         94
  C:04FFH         LINE#         95
  C:0507H         LINE#         97
  C:050FH         LINE#         98
  C:0515H         LINE#         99
  C:051CH         LINE#         100
  C:0521H         LINE#         101
  C:0528H         LINE#         102
  C:052FH         LINE#         103
  C:0536H         LINE#         107
  C:0539H         LINE#         108
  C:0542H         LINE#         110
  C:054BH         LINE#         112
  C:054EH         LINE#         116
  C:054EH         LINE#         117
  C:0553H         LINE#         118
  C:055AH         LINE#         120
  C:0562H         LINE#         123
  C:0562H         LINE#         124
  C:0565H         LINE#         126
  C:0578H         LINE#         127
  C:057FH         LINE#         128
  C:057FH         LINE#         129
  C:057FH         LINE#         132
  C:0581H         LINE#         133
  C:0581H         LINE#         135
  C:059BH         LINE#         136
  C:059FH         LINE#         138
  C:05A9H         LINE#         139
  C:05B3H         LINE#         140
  C:05CAH         LINE#         143
  C:05CDH         LINE#         144
  C:05D2H         LINE#         148
  C:05D4H         LINE#         149
  C:05D4H         LINE#         150
  C:05D9H         LINE#         151
  C:05E6H         LINE#         153
  C:05EDH         LINE#         154
  C:05F4H         LINE#         155
  C:05F8H         LINE#         161
  C:05FFH         LINE#         162
  C:05FFH         LINE#         163
  C:0601H         LINE#         166
  C:0604H         LINE#         167
  C:0604H         LINE#         168
  C:0604H         LINE#         169
BL51 BANKED LINKER/LOCATER V4.13                                                      02/01/2002  17:19:37  PAGE 17


  C:0607H         LINE#         170
  C:0609H         LINE#         172
  C:0609H         LINE#         173
  C:060BH         LINE#         175
  C:060EH         LINE#         176
  C:060EH         LINE#         177
  C:060EH         LINE#         178
  C:0611H         LINE#         179
  C:0611H         LINE#         181
  C:0617H         LINE#         182
  C:061DH         LINE#         183
  C:0623H         LINE#         184
  C:0629H         LINE#         190
  C:062FH         LINE#         191
  C:0632H         LINE#         194
  C:0641H         LINE#         196
  C:0641H         LINE#         197
  C:0645H         LINE#         198
  C:0645H         LINE#         199
  C:0648H         LINE#         200
  C:064AH         LINE#         201
  C:0651H         LINE#         202
  C:0651H         LINE#         203
  C:0654H         LINE#         204
  C:0654H         LINE#         205
  C:0654H         LINE#         208
  C:0658H         LINE#         209
  C:0658H         LINE#         210
  C:065CH         LINE#         211
  C:065FH         LINE#         212
  C:066CH         LINE#         213
  C:066EH         LINE#         214
  C:0672H         LINE#         215
  C:0672H         LINE#         216
  C:0675H         LINE#         217
  C:0675H         LINE#         218
  C:067CH         LINE#         219
  C:0681H         LINE#         220
  C:0683H         LINE#         221
  C:0688H         LINE#         222
  C:0688H         LINE#         223
  C:068DH         LINE#         224
  C:068DH         LINE#         226
  C:069CH         LINE#         227
  C:069CH         LINE#         230
  C:06B5H         LINE#         232
  -------         ENDPROC       ATAPIIDDEVICE
  -------         PROC          _CONFIGUREATATRANSFERMODE
  D:0006H         SYMBOL        mode
  C:0003H         LINE#         234
  C:0005H         LINE#         235
  C:0005H         LINE#         237
  C:000EH         LINE#         238
  C:0015H         LINE#         239
  C:001CH         LINE#         240
  -------         ENDPROC       _CONFIGUREATATRANSFERMODE
  -------         ENDMOD        ATARESET
BL51 BANKED LINKER/LOCATER V4.13                                                      02/01/2002  17:19:37  PAGE 18



  -------         MODULE        FW
  C:0000H         SYMBOL        _ICE_DUMMY_
  D:0015H         PUBLIC        pConfigDscr
  D:0017H         PUBLIC        pOtherConfigDscr
  C:1D7CH         PUBLIC        _EZUSB_GetStringDscr
  D:0080H         PUBLIC        IOA
  B:0080H.6       PUBLIC        SEL
  B:0088H.0       PUBLIC        IT0
  B:0088H.1       PUBLIC        IE0
  B:0088H.2       PUBLIC        IT1
  B:0088H.3       PUBLIC        IE1
  B:0088H.4       PUBLIC        TR0
  B:0088H.5       PUBLIC        TF0
  B:0088H.6       PUBLIC        TR1
  B:0088H.7       PUBLIC        TF1
  D:008EH         PUBLIC        CKCON
  D:0091H         PUBLIC        EXIF
  B:0098H.0       PUBLIC        RI
  B:0098H.1       PUBLIC        TI
  B:0098H.2       PUBLIC        RB8
  B:0098H.3       PUBLIC        TB8
  B:0098H.4       PUBLIC        REN
  B:0098H.5       PUBLIC        SM2
  B:0098H.6       PUBLIC        SM1
  B:0098H.7       PUBLIC        SM0
  D:00A1H         PUBLIC        INT2CLR
  B:00A8H.0       PUBLIC        EX0
  B:00A8H.1       PUBLIC        ET0
  B:00A8H.2       PUBLIC        EX1
  B:00A8H.3       PUBLIC        ET1
  B:00A8H.4       PUBLIC        ES0
  B:00A8H.5       PUBLIC        ET2
  B:00A8H.6       PUBLIC        ES1
  B:00A8H.7       PUBLIC        EA
  B:00A8H.7       PUBLIC        EXTACC
  B:00B0H.0       PUBLIC        APTR1FZ
  B:00B0H.1       PUBLIC        APTR2FZ
  B:00B8H.0       PUBLIC        PX0
  B:00B8H.1       PUBLIC        PT0
  B:00B8H.2       PUBLIC        PX1
  B:00B8H.3       PUBLIC        PT1
  B:00B8H.4       PUBLIC        PS0
  B:00B8H.5       PUBLIC        PT2
  B:00B8H.6       PUBLIC        PS1
  B:00C0H.0       PUBLIC        RI1
  B:00C0H.1       PUBLIC        TI1
  B:00C0H.2       PUBLIC        RB81
  B:00C0H.3       PUBLIC        TB81
  B:00C0H.4       PUBLIC        REN1
  B:00C0H.5       PUBLIC        SM21
  B:00C0H.6       PUBLIC        SM11
  B:00C0H.7       PUBLIC        SM01
  B:00C8H.0       PUBLIC        CP_RL2
  B:00C8H.1       PUBLIC        C_T2
  B:00C8H.2       PUBLIC        TR2
  B:00C8H.3       PUBLIC        EXEN2
BL51 BANKED LINKER/LOCATER V4.13                                                      02/01/2002  17:19:37  PAGE 19


  B:00C8H.4       PUBLIC        TCLK
  B:00C8H.5       PUBLIC        RCLK
  B:00C8H.6       PUBLIC        EXF2
  B:00C8H.7       PUBLIC        TF2
  B:00D0H.0       PUBLIC        P
  B:00D0H.1       PUBLIC        FL
  B:00D0H.2       PUBLIC        OV
  B:00D0H.3       PUBLIC        RS0
  B:00D0H.4       PUBLIC        RS1
  B:00D0H.5       PUBLIC        F0
  B:00D0H.6       PUBLIC        AC
  B:00D0H.7       PUBLIC        CY
  D:00D8H         PUBLIC        EICON
  B:00D8H.3       PUBLIC        INT6
  B:00D8H.4       PUBLIC        RESI
  B:00D8H.5       PUBLIC        ERESI
  B:00D8H.7       PUBLIC        SMOD1
  B:00E8H.0       PUBLIC        EUSB
  B:00E8H.1       PUBLIC        EI2C
  B:00E8H.2       PUBLIC        EIEX4
  B:00E8H.3       PUBLIC        EIEX5
  B:00E8H.4       PUBLIC        EIEX6
  B:00F8H.0       PUBLIC        PUSB
  B:00F8H.1       PUBLIC        PI2C
  B:00F8H.2       PUBLIC        EIPX4
  B:00F8H.3       PUBLIC        EIPX5
  B:00F8H.4       PUBLIC        EIPX6
  C:02F1H         PUBLIC        SetupCommand
  D:0019H         PUBLIC        wPacketSize
  D:001BH         PUBLIC        intrfcSubClass
  B:0020H.0       PUBLIC        Rwuen
  B:0020H.1       PUBLIC        Selfpwr
  B:0020H.2       PUBLIC        Sleep
  D:001CH         PUBLIC        AlternateSetting
  D:001DH         PUBLIC        Configuration
  C:1E74H         PUBLIC        DisconAndWaitForVbus
  C:11C6H         PUBLIC        main
  C:0036H         PUBLIC        resume_isr
  C:1C60H         SYMBOL        Com004E
  C:1C60H         SYMBOL        L?0079
  C:1C60H         SYMBOL        L?0080
  C:1C68H         SYMBOL        L?0081
  C:1C74H         SYMBOL        L?0082
  C:1C7DH         SYMBOL        L?0083
  C:1C7EH         SYMBOL        L?0084
  C:1C88H         SYMBOL        L?0085
  -------         PROC          COM004E
  -------         ENDPROC       COM004E
  -------         PROC          MAIN
  -------         DO            MAIN
  D:0007H         SYMBOL        i
  -------         ENDDO         i
  C:11C6H         LINE#         66
  C:11C6H         LINE#         67
  C:11C6H         LINE#         71
  C:11C9H         LINE#         72
  C:11CBH         LINE#         73
BL51 BANKED LINKER/LOCATER V4.13                                                      02/01/2002  17:19:37  PAGE 20


  C:11CDH         LINE#         74
  C:11CFH         LINE#         79
  C:11D2H         LINE#         81
  C:11D5H         LINE#         87
  C:11E4H         LINE#         95
  C:1202H         LINE#         98
  C:1204H         LINE#         99
  C:121DH         LINE#         101
  C:121FH         LINE#         102
  C:1222H         LINE#         104
  C:1229H         LINE#         106
  C:1230H         LINE#         107
  C:1232H         LINE#         114
  C:1239H         LINE#         115
  C:1239H         LINE#         116
  C:123EH         LINE#         117
  C:123EH         LINE#         124
  C:1243H         LINE#         125
  C:1243H         LINE#         126
  C:124AH         LINE#         127
  C:124CH         LINE#         129
  C:124CH         LINE#         130
  C:124FH         LINE#         131
  C:124FH         LINE#         139
  C:1252H         LINE#         145
  C:1259H         LINE#         148
  C:1259H         LINE#         149
  C:1259H         LINE#         154
  C:125EH         LINE#         155
  C:1261H         LINE#         158
  C:1264H         LINE#         159
  -------         ENDPROC       MAIN
  -------         PROC          DISCONANDWAITFORVBUS
  C:1E74H         LINE#         166
  C:1E74H         LINE#         167
  C:1E74H         LINE#         168
  C:1E7BH         LINE#         169
  C:1E80H         LINE#         170
  C:1E87H         LINE#         171
  -------         ENDPROC       DISCONANDWAITFORVBUS
  -------         PROC          SETUPCOMMAND
  -------         DO            SETUPCOMMAND
  D:0001H         SYMBOL        dscr_ptr
  -------         ENDDO         dscr_ptr
  C:02F1H         LINE#         176
  C:02F1H         LINE#         177
  C:02F1H         LINE#         180
  C:0317H         LINE#         181
  C:0317H         LINE#         182
  C:0317H         LINE#         183
  C:032DH         LINE#         184
  C:032DH         LINE#         185
  C:032DH         LINE#         186
  C:0331H         LINE#         187
  C:033AH         LINE#         188
  C:033CH         LINE#         189
  C:033CH         LINE#         190
BL51 BANKED LINKER/LOCATER V4.13                                                      02/01/2002  17:19:37  PAGE 21


  C:0340H         LINE#         191
  C:0349H         LINE#         192
  C:034BH         LINE#         193
  C:034BH         LINE#         194
  C:0351H         LINE#         195
  C:0355H         LINE#         196
  C:0357H         LINE#         197
  C:0357H         LINE#         199
  C:035DH         LINE#         200
  C:0361H         LINE#         201
  C:0363H         LINE#         202
  C:0363H         LINE#         203
  C:0375H         LINE#         204
  C:0375H         LINE#         205
  C:037AH         LINE#         206
  C:037DH         LINE#         207
  C:037FH         LINE#         209
  C:0382H         LINE#         210
  C:0384H         LINE#         211
  C:0384H         LINE#         212
  C:0387H         LINE#         213
  C:0387H         LINE#         214
  C:0389H         LINE#         215
  C:0389H         LINE#         216
  C:038EH         LINE#         217
  C:038EH         LINE#         218
  C:0391H         LINE#         219
  C:0393H         LINE#         220
  C:0393H         LINE#         221
  C:0399H         LINE#         222
  C:039BH         LINE#         223
  C:039BH         LINE#         225
  C:03A1H         LINE#         226
  C:03A3H         LINE#         227
  C:03A3H         LINE#         228
  C:03A8H         LINE#         229
  C:03A8H         LINE#         230
  C:03ABH         LINE#         231
  C:03ADH         LINE#         232
  C:03ADH         LINE#         233
  C:03BCH         LINE#         234
  C:03BCH         LINE#         235
  C:03BCH         LINE#         236
  C:03CDH         LINE#         237
  C:03CEH         LINE#         238
  C:03CEH         LINE#         239
  C:03D1H         LINE#         240
  C:03D3H         LINE#         241
  C:03D3H         LINE#         242
  C:03D8H         LINE#         243
  C:03D9H         LINE#         244
  C:03D9H         LINE#         245
  C:03DCH         LINE#         246
  C:03DEH         LINE#         247
  C:03DEH         LINE#         248
  C:03E5H         LINE#         249
  C:03E5H         LINE#         250
BL51 BANKED LINKER/LOCATER V4.13                                                      02/01/2002  17:19:37  PAGE 22


  C:03EFH         LINE#         251
  C:03F1H         LINE#         252
  C:03F8H         LINE#         253
  C:03F8H         LINE#         254
  C:0402H         LINE#         255
  C:0404H         LINE#         257
  C:0404H         LINE#         258
  C:0407H         LINE#         259
  C:0409H         LINE#         260
  C:0409H         LINE#         262
  C:040CH         LINE#         263
  C:040CH         LINE#         264
  C:040FH         LINE#         265
  C:0411H         LINE#         266
  C:0411H         LINE#         267
  C:0414H         LINE#         268
  C:0414H         LINE#         269
  C:0416H         LINE#         270
  C:0416H         LINE#         271
  C:0424H         LINE#         272
  C:0424H         LINE#         273
  C:0424H         LINE#         274
  C:042BH         LINE#         275
  C:042FH         LINE#         277
  C:0432H         LINE#         278
  C:0434H         LINE#         279
  C:0434H         LINE#         280
  C:043AH         LINE#         281
  C:043AH         LINE#         282
  C:0441H         LINE#         283
  C:0441H         LINE#         284
  C:0444H         LINE#         285
  C:044AH         LINE#         286
  C:044DH         LINE#         287
  C:0452H         LINE#         288
  C:0454H         LINE#         289
  C:045BH         LINE#         290
  C:045BH         LINE#         291
  C:0461H         LINE#         292
  C:0464H         LINE#         293
  C:0469H         LINE#         294
  C:046BH         LINE#         296
  C:046EH         LINE#         297
  C:0470H         LINE#         299
  C:0473H         LINE#         300
  C:0475H         LINE#         301
  C:0475H         LINE#         302
  C:0475H         LINE#         303
  C:0475H         LINE#         304
  C:0481H         LINE#         305
  C:0481H         LINE#         306
  C:0481H         LINE#         307
  C:0488H         LINE#         308
  C:048CH         LINE#         309
  C:0494H         LINE#         315
  C:0494H         LINE#         317
  C:0497H         LINE#         318
BL51 BANKED LINKER/LOCATER V4.13                                                      02/01/2002  17:19:37  PAGE 23


  C:0499H         LINE#         319
  C:0499H         LINE#         320
  C:049FH         LINE#         321
  C:049FH         LINE#         322
  C:04A6H         LINE#         323
  C:04AEH         LINE#         324
  C:04B5H         LINE#         325
  C:04BDH         LINE#         327
  C:04C0H         LINE#         328
  C:04C2H         LINE#         330
  C:04C5H         LINE#         331
  C:04C7H         LINE#         332
  C:04C7H         LINE#         333
  C:04C7H         LINE#         336
  C:04C7H         LINE#         338
  C:04D4H         LINE#         339
  C:04D4H         LINE#         343
  C:04D7H         LINE#         344
  C:04DAH         LINE#         347
  C:04DCH         LINE#         348
  C:04DFH         LINE#         349
  C:04E1H         LINE#         351
  C:04E4H         LINE#         352
  C:04E6H         LINE#         354
  C:04E6H         LINE#         355
  C:04E9H         LINE#         356
  C:04E9H         LINE#         360
  C:04F0H         LINE#         361
  -------         ENDPROC       SETUPCOMMAND
  -------         PROC          RESUME_ISR
  C:0036H         LINE#         364
  C:0036H         LINE#         366
  C:0039H         LINE#         367
  -------         ENDPROC       RESUME_ISR
  -------         PROC          _EZUSB_GETSTRINGDSCR
  D:0007H         SYMBOL        StrIdx
  C:1D7CH         LINE#         369
  C:1D7CH         LINE#         370
  C:1D7CH         LINE#         376
  C:1D8AH         LINE#         377
  C:1D8AH         LINE#         378
  C:1D8AH         LINE#         379
  C:1D8FH         LINE#         380
  C:1D8FH         LINE#         381
  C:1D94H         LINE#         382
  C:1D94H         LINE#         383
  C:1D99H         LINE#         384
  C:1D99H         LINE#         385
  C:1D9EH         LINE#         386
  C:1D9EH         LINE#         387
  C:1DA2H         LINE#         388
  C:1DA2H         LINE#         389
  -------         ENDPROC       _EZUSB_GETSTRINGDSCR
  -------         ENDMOD        FW

  -------         MODULE        GPIF
  C:0000H         SYMBOL        _ICE_DUMMY_
BL51 BANKED LINKER/LOCATER V4.13                                                      02/01/2002  17:19:37  PAGE 24


  D:0080H         PUBLIC        IOA
  B:0080H.6       PUBLIC        SEL
  B:0088H.0       PUBLIC        IT0
  B:0088H.1       PUBLIC        IE0
  B:0088H.2       PUBLIC        IT1
  B:0088H.3       PUBLIC        IE1
  B:0088H.4       PUBLIC        TR0
  B:0088H.5       PUBLIC        TF0
  B:0088H.6       PUBLIC        TR1
  B:0088H.7       PUBLIC        TF1
  B:0098H.0       PUBLIC        RI
  B:0098H.1       PUBLIC        TI
  B:0098H.2       PUBLIC        RB8
  B:0098H.3       PUBLIC        TB8
  B:0098H.4       PUBLIC        REN
  B:0098H.5       PUBLIC        SM2
  B:0098H.6       PUBLIC        SM1
  B:0098H.7       PUBLIC        SM0
  B:00A8H.0       PUBLIC        EX0
  B:00A8H.1       PUBLIC        ET0
  B:00A8H.2       PUBLIC        EX1
  B:00A8H.3       PUBLIC        ET1
  B:00A8H.4       PUBLIC        ES0
  B:00A8H.5       PUBLIC        ET2
  B:00A8H.6       PUBLIC        ES1
  B:00A8H.7       PUBLIC        EA
  B:00A8H.7       PUBLIC        EXTACC
  B:00B0H.0       PUBLIC        APTR1FZ
  B:00B0H.1       PUBLIC        APTR2FZ
  B:00B8H.0       PUBLIC        PX0
  B:00B8H.1       PUBLIC        PT0
  B:00B8H.2       PUBLIC        PX1
  B:00B8H.3       PUBLIC        PT1
  B:00B8H.4       PUBLIC        PS0
  B:00B8H.5       PUBLIC        PT2
  B:00B8H.6       PUBLIC        PS1
  D:00BBH         PUBLIC        GPIFTRIG
  B:00C0H.0       PUBLIC        RI1
  B:00C0H.1       PUBLIC        TI1
  B:00C0H.2       PUBLIC        RB81
  B:00C0H.3       PUBLIC        TB81
  B:00C0H.4       PUBLIC        REN1
  B:00C0H.5       PUBLIC        SM21
  B:00C0H.6       PUBLIC        SM11
  B:00C0H.7       PUBLIC        SM01
  B:00C8H.0       PUBLIC        CP_RL2
  B:00C8H.1       PUBLIC        C_T2
  B:00C8H.2       PUBLIC        TR2
  B:00C8H.3       PUBLIC        EXEN2
  B:00C8H.4       PUBLIC        TCLK
  B:00C8H.5       PUBLIC        RCLK
  B:00C8H.6       PUBLIC        EXF2
  B:00C8H.7       PUBLIC        TF2
  B:00D0H.0       PUBLIC        P
  B:00D0H.1       PUBLIC        FL
  B:00D0H.2       PUBLIC        OV
  B:00D0H.3       PUBLIC        RS0
BL51 BANKED LINKER/LOCATER V4.13                                                      02/01/2002  17:19:37  PAGE 25


  B:00D0H.4       PUBLIC        RS1
  B:00D0H.5       PUBLIC        F0
  B:00D0H.6       PUBLIC        AC
  B:00D0H.7       PUBLIC        CY
  B:00D8H.3       PUBLIC        INT6
  B:00D8H.4       PUBLIC        RESI
  B:00D8H.5       PUBLIC        ERESI
  B:00D8H.7       PUBLIC        SMOD1
  B:00E8H.0       PUBLIC        EUSB
  B:00E8H.1       PUBLIC        EI2C
  B:00E8H.2       PUBLIC        EIEX4
  B:00E8H.3       PUBLIC        EIEX5
  B:00E8H.4       PUBLIC        EIEX6
  B:00F8H.0       PUBLIC        PUSB
  B:00F8H.1       PUBLIC        PI2C
  B:00F8H.2       PUBLIC        EIPX4
  B:00F8H.3       PUBLIC        EIPX5
  B:00F8H.4       PUBLIC        EIPX6
  C:1EACH         PUBLIC        hardwareReset
  C:1E0CH         PUBLIC        _writePIO8
  C:1B56H         PUBLIC        _writePIO16
  C:1DA3H         PUBLIC        _readPIO16
  C:1DC8H         PUBLIC        _readPIO8
  C:1ED0H         PUBLIC        readATAPI_STATUS_REG
  C:1BF8H         PUBLIC        _readWordPIO8
  C:1D52H         PUBLIC        initUdmaRead
  C:1AAFH         PUBLIC        initUdmaWrite
  C:19EAH         PUBLIC        _readUDMA
  C:1266H         PUBLIC        _writeUDMA
  C:0026H         PUBLIC        abortGPIF
  C:0E26H         PUBLIC        WaveDataPio4
  C:0DA6H         PUBLIC        WaveDataPio0
  -------         PROC          HARDWARERESET
  C:1EACH         LINE#         102
  C:1EACH         LINE#         103
  C:1EACH         LINE#         104
  C:1EAFH         LINE#         105
  C:1EB6H         LINE#         106
  C:1EB9H         LINE#         107
  -------         ENDPROC       HARDWARERESET
  -------         PROC          INITUDMAREAD
  C:1D52H         LINE#         110
  C:1D52H         LINE#         111
  C:1D52H         LINE#         113
  C:1D58H         LINE#         114
  C:1D5BH         LINE#         115
  C:1D5FH         LINE#         116
  C:1D65H         LINE#         117
  C:1D69H         LINE#         118
  C:1D6FH         LINE#         120
  C:1D75H         LINE#         121
  C:1D7BH         LINE#         122
  -------         ENDPROC       INITUDMAREAD
  -------         PROC          INITUDMAWRITE
  C:1AAFH         LINE#         124
  C:1AAFH         LINE#         125
  C:1AAFH         LINE#         126
BL51 BANKED LINKER/LOCATER V4.13                                                      02/01/2002  17:19:37  PAGE 26


  C:1AB5H         LINE#         127
  C:1AB8H         LINE#         128
  C:1ABCH         LINE#         129
  C:1AC2H         LINE#         130
  C:1AC6H         LINE#         131
  C:1ACBH         LINE#         132
  C:1AD1H         LINE#         134
  C:1AD7H         LINE#         135
  C:1ADDH         LINE#         136
  C:1AE1H         LINE#         137
  C:1AE7H         LINE#         138
  -------         ENDPROC       INITUDMAWRITE
  -------         PROC          _WRITEPIO8
  D:0007H         SYMBOL        addr
  D:0004H         SYMBOL        indata
  C:1E0CH         LINE#         141
  C:1E0CH         LINE#         142
  C:1E0CH         LINE#         145
  C:1E11H         LINE#         146
  C:1E11H         LINE#         147
  C:1E11H         LINE#         149
  C:1E16H         LINE#         152
  C:1E1BH         LINE#         155
  C:1E20H         LINE#         156
  C:1E23H         LINE#         159
  C:1E28H         LINE#         160
  C:1E28H         LINE#         161
  C:1E28H         LINE#         164
  C:1E2BH         LINE#         166
  -------         ENDPROC       _WRITEPIO8
  -------         PROC          _WRITEPIO16
  D:0007H         SYMBOL        addr
  D:0004H         SYMBOL        count
  -------         DO            count
  D:002EH         SYMBOL        timeout
  -------         ENDDO         timeout
  C:1B56H         LINE#         169
  C:1B56H         LINE#         170
  C:1B56H         LINE#         171
  C:1B5CH         LINE#         173
  C:1B61H         LINE#         175
  C:1B66H         LINE#         178
  C:1B6BH         LINE#         181
  C:1B70H         LINE#         185
  C:1B7CH         LINE#         186
  C:1B81H         LINE#         187
  C:1B86H         LINE#         193
  C:1B8BH         LINE#         195
  -------         ENDPROC       _WRITEPIO16
  -------         PROC          READATAPI_STATUS_REG
  C:1ED0H         LINE#         198
  C:1ED0H         LINE#         199
  C:1ED0H         LINE#         200
  C:1ED5H         LINE#         201
  -------         ENDPROC       READATAPI_STATUS_REG
  -------         PROC          _READPIO8
  D:0007H         SYMBOL        addr
BL51 BANKED LINKER/LOCATER V4.13                                                      02/01/2002  17:19:37  PAGE 27


  -------         DO            addr
  D:0007H         SYMBOL        retval
  -------         ENDDO         retval
  C:1DC8H         LINE#         204
  C:1DC8H         LINE#         205
  C:1DC8H         LINE#         208
  C:1DCDH         LINE#         210
  C:1DD3H         LINE#         213
  C:1DD8H         LINE#         216
  C:1DDDH         LINE#         218
  C:1DE2H         LINE#         220
  C:1DE7H         LINE#         221
  C:1DEAH         LINE#         223
  C:1DEAH         LINE#         224
  -------         ENDPROC       _READPIO8
  -------         PROC          _READWORDPIO8
  D:0007H         SYMBOL        addr
  -------         DO            addr
  D:0004H         SYMBOL        retval
  -------         ENDDO         retval
  C:1BF8H         LINE#         226
  C:1BF8H         LINE#         227
  C:1BF8H         LINE#         230
  C:1BFDH         LINE#         232
  C:1C03H         LINE#         235
  C:1C08H         LINE#         238
  C:1C0FH         LINE#         240
  C:1C14H         LINE#         242
  C:1C25H         LINE#         243
  C:1C28H         LINE#         245
  C:1C2BH         LINE#         246
  -------         ENDPROC       _READWORDPIO8
  -------         PROC          _READPIO16
  D:0007H         SYMBOL        addr
  D:0004H         SYMBOL        count
  C:1DA3H         LINE#         250
  C:1DA3H         LINE#         251
  C:1DA3H         LINE#         253
  C:1DA8H         LINE#         255
  C:1DAEH         LINE#         258
  C:1DB3H         LINE#         261
  C:1DBFH         LINE#         262
  C:1DC4H         LINE#         265
  C:1DC7H         LINE#         268
  -------         ENDPROC       _READPIO16
  -------         PROC          _READUDMA
  D:0031H         SYMBOL        count
  C:19EAH         LINE#         271
  C:19F2H         LINE#         272
  C:19F2H         LINE#         274
  C:19F7H         LINE#         276
  C:19FDH         LINE#         279
  C:1A00H         LINE#         282
  C:1A05H         LINE#         283
  C:1A09H         LINE#         284
  C:1A0DH         LINE#         285
  C:1A11H         LINE#         287
BL51 BANKED LINKER/LOCATER V4.13                                                      02/01/2002  17:19:37  PAGE 28


  C:1A17H         LINE#         290
  C:1A1AH         LINE#         294
  C:1A1FH         LINE#         296
  C:1A24H         LINE#         297
  C:1A24H         LINE#         298
  C:1A27H         LINE#         299
  C:1A27H         LINE#         301
  C:1A2CH         LINE#         302
  -------         ENDPROC       _READUDMA
  -------         PROC          _WRITEUDMA
  D:002CH         SYMBOL        count
  -------         DO            count
  D:0030H         SYMBOL        drvstat
  D:0031H         SYMBOL        byteCount
  D:0033H         SYMBOL        i
  -------         DO            i
  D:0034H         SYMBOL        writedelaydummy
  -------         ENDDO         writedelaydummy
  -------         DO            writedelaydummy
  D:0034H         SYMBOL        writedelaydummy
  -------         ENDDO         writedelaydummy
  -------         ENDDO         writedelaydummy
  C:1266H         LINE#         308
  C:126EH         LINE#         309
  C:126EH         LINE#         310
  C:1271H         LINE#         316
  C:1292H         LINE#         317
  C:1292H         LINE#         319
  C:1299H         LINE#         323
  C:129EH         LINE#         324
  C:12A0H         LINE#         325
  C:12B0H         LINE#         327
  C:12B3H         LINE#         329
  C:12B9H         LINE#         332
  C:12BEH         LINE#         334
  C:12C4H         LINE#         337
  C:12C7H         LINE#         340
  C:12CCH         LINE#         341
  C:12D0H         LINE#         342
  C:12D4H         LINE#         343
  C:12D8H         LINE#         345
  C:12DEH         LINE#         348
  C:12E3H         LINE#         351
  C:12EBH         LINE#         354
  C:12F0H         LINE#         355
  C:12F0H         LINE#         356
  C:12F3H         LINE#         357
  C:12F3H         LINE#         359
  C:12F8H         LINE#         362
  C:12FDH         LINE#         363
  C:1300H         LINE#         364
  -------         ENDPROC       _WRITEUDMA
  -------         PROC          ABORTGPIF
  C:0026H         LINE#         366
  C:0026H         LINE#         367
  C:0026H         LINE#         368
  C:002BH         LINE#         369
BL51 BANKED LINKER/LOCATER V4.13                                                      02/01/2002  17:19:37  PAGE 29


  C:0031H         LINE#         386
  -------         ENDPROC       ABORTGPIF
  -------         ENDMOD        GPIF

  -------         MODULE        IDE
  C:0000H         SYMBOL        _ICE_DUMMY_
  B:0080H.6       PUBLIC        SEL
  B:0088H.0       PUBLIC        IT0
  B:0088H.1       PUBLIC        IE0
  B:0088H.2       PUBLIC        IT1
  B:0088H.3       PUBLIC        IE1
  B:0088H.4       PUBLIC        TR0
  B:0088H.5       PUBLIC        TF0
  B:0088H.6       PUBLIC        TR1
  B:0088H.7       PUBLIC        TF1
  B:0098H.0       PUBLIC        RI
  B:0098H.1       PUBLIC        TI
  B:0098H.2       PUBLIC        RB8
  B:0098H.3       PUBLIC        TB8
  B:0098H.4       PUBLIC        REN
  B:0098H.5       PUBLIC        SM2
  B:0098H.6       PUBLIC        SM1
  B:0098H.7       PUBLIC        SM0
  B:00A8H.0       PUBLIC        EX0
  B:00A8H.1       PUBLIC        ET0
  B:00A8H.2       PUBLIC        EX1
  B:00A8H.3       PUBLIC        ET1
  B:00A8H.4       PUBLIC        ES0
  B:00A8H.5       PUBLIC        ET2
  B:00A8H.6       PUBLIC        ES1
  B:00A8H.7       PUBLIC        EA
  B:00A8H.7       PUBLIC        EXTACC
  B:00B0H.0       PUBLIC        APTR1FZ
  B:00B0H.1       PUBLIC        APTR2FZ
  B:00B8H.0       PUBLIC        PX0
  B:00B8H.1       PUBLIC        PT0
  B:00B8H.2       PUBLIC        PX1
  B:00B8H.3       PUBLIC        PT1
  B:00B8H.4       PUBLIC        PS0
  B:00B8H.5       PUBLIC        PT2
  B:00B8H.6       PUBLIC        PS1
  D:00BBH         PUBLIC        GPIFTRIG
  B:00C0H.0       PUBLIC        RI1
  B:00C0H.1       PUBLIC        TI1
  B:00C0H.2       PUBLIC        RB81
  B:00C0H.3       PUBLIC        TB81
  B:00C0H.4       PUBLIC        REN1
  B:00C0H.5       PUBLIC        SM21
  B:00C0H.6       PUBLIC        SM11
  B:00C0H.7       PUBLIC        SM01
  B:00C8H.0       PUBLIC        CP_RL2
  B:00C8H.1       PUBLIC        C_T2
  B:00C8H.2       PUBLIC        TR2
  B:00C8H.3       PUBLIC        EXEN2
  B:00C8H.4       PUBLIC        TCLK
  B:00C8H.5       PUBLIC        RCLK
  B:00C8H.6       PUBLIC        EXF2
BL51 BANKED LINKER/LOCATER V4.13                                                      02/01/2002  17:19:37  PAGE 30


  B:00C8H.7       PUBLIC        TF2
  B:00D0H.0       PUBLIC        P
  B:00D0H.1       PUBLIC        FL
  B:00D0H.2       PUBLIC        OV
  B:00D0H.3       PUBLIC        RS0
  B:00D0H.4       PUBLIC        RS1
  B:00D0H.5       PUBLIC        F0
  B:00D0H.6       PUBLIC        AC
  B:00D0H.7       PUBLIC        CY
  B:00D8H.3       PUBLIC        INT6
  B:00D8H.4       PUBLIC        RESI
  B:00D8H.5       PUBLIC        ERESI
  B:00D8H.7       PUBLIC        SMOD1
  B:00E8H.0       PUBLIC        EUSB
  B:00E8H.1       PUBLIC        EI2C
  B:00E8H.2       PUBLIC        EIEX4
  B:00E8H.3       PUBLIC        EIEX5
  B:00E8H.4       PUBLIC        EIEX6
  B:00F8H.0       PUBLIC        PUSB
  B:00F8H.1       PUBLIC        PI2C
  B:00F8H.2       PUBLIC        EIPX4
  B:00F8H.3       PUBLIC        EIPX5
  B:00F8H.4       PUBLIC        EIPX6
  C:1004H         PUBLIC        waitForInBuffer
  C:0056H         PUBLIC        generalIDEInCommand
  C:1CC3H         PUBLIC        generalIDEOutCommand
  C:003EH         SYMBOL        checkForMedia
  D:0044H         PUBLIC        sensePtr
  C:1B9EH         PUBLIC        senseInvalidFieldInCDB
  C:1BB0H         PUBLIC        senseOk
  C:0800H         SYMBOL        ideReadCommand
  C:09BAH         SYMBOL        ideWriteCommand
  D:0046H         SYMBOL        dwLBA
  C:19A4H         PUBLIC        dwLBAtoLBARegs
  C:1B8CH         PUBLIC        senseCRCError
  C:1018H         SYMBOL        Com00A1
  C:1018H         SYMBOL        L?0162
  C:1018H         SYMBOL        L?0163
  C:1021H         SYMBOL        L?0164
  C:102CH         SYMBOL        L?0165
  C:1031H         SYMBOL        L?0166
  C:1040H         SYMBOL        L?0167
  C:1040H         SYMBOL        L?0168
  C:1046H         SYMBOL        L?0169
  C:1053H         SYMBOL        L?0170
  C:1053H         SYMBOL        L?0171
  C:105DH         SYMBOL        L?0172
  C:105DH         SYMBOL        L?0173
  C:1064H         SYMBOL        L?0174
  C:1064H         SYMBOL        L?0175
  C:106BH         SYMBOL        L?0177
  C:107DH         SYMBOL        L?0178
  C:1090H         SYMBOL        L?0179
  C:1093H         SYMBOL        L?0180
  C:109CH         SYMBOL        L?0182
  C:10ABH         SYMBOL        L?0183
  C:10BAH         SYMBOL        L?0184
BL51 BANKED LINKER/LOCATER V4.13                                                      02/01/2002  17:19:37  PAGE 31


  C:10C7H         SYMBOL        L?0187
  C:10D1H         SYMBOL        L?0188
  C:10D1H         SYMBOL        L?0189
  C:10D8H         SYMBOL        L?0190
  -------         PROC          COM00A1
  -------         ENDPROC       COM00A1
  C:02E6H         SYMBOL        L?0186
  -------         PROC          GENERALIDEINCOMMAND
  -------         DO            GENERALIDEINCOMMAND
  D:0025H         SYMBOL        cmd
  D:0026H         SYMBOL        packetLen
  B:0020H.3       SYMBOL        status
  -------         DO            status
  D:0028H         SYMBOL        cap_hdr_offset
  D:0029H         SYMBOL        num_dwords
  D:0028H         SYMBOL        pagenum
  -------         ENDDO         pagenum
  -------         DO            pagenum
  D:0028H         SYMBOL        pagenum
  -------         ENDDO         pagenum
  -------         ENDDO         pagenum
  C:0056H         LINE#         52
  C:0056H         LINE#         53
  C:0056H         LINE#         58
  C:005CH         LINE#         60
  C:0081H         LINE#         61
  C:0081H         LINE#         63
  C:0081H         LINE#         64
  C:0081H         LINE#         65
  C:0084H         LINE#         66
  C:00A1H         LINE#         69
  C:00A4H         LINE#         72
  C:00A7H         LINE#         73
  C:00B6H         LINE#         75
  C:00BCH         LINE#         76
  C:00BCH         LINE#         77
  C:00C2H         LINE#         78
  C:00C6H         LINE#         80
  C:00CCH         LINE#         81
  C:00CCH         LINE#         83
  C:00CEH         LINE#         84
  C:00CEH         LINE#         86
  C:00CEH         LINE#         87
  C:00CEH         LINE#         88
  C:00D1H         LINE#         89
  C:00D4H         LINE#         91
  C:00DEH         LINE#         92
  C:00DEH         LINE#         93
  C:00E3H         LINE#         94
  C:00E3H         LINE#         96
  C:00E3H         LINE#         98
  C:00E6H         LINE#         100
  C:00E9H         LINE#         101
  C:00EBH         LINE#         102
  C:00EBH         LINE#         103
  C:00EBH         LINE#         105
  C:00EBH         LINE#         106
BL51 BANKED LINKER/LOCATER V4.13                                                      02/01/2002  17:19:37  PAGE 32


  C:00EBH         LINE#         107
  C:00EEH         LINE#         108
  C:00F1H         LINE#         109
  C:00FBH         LINE#         110
  C:0100H         LINE#         112
  C:0100H         LINE#         114
  C:0103H         LINE#         116
  C:0106H         LINE#         117
  C:0108H         LINE#         118
  C:0108H         LINE#         119
  C:0108H         LINE#         120
  C:0108H         LINE#         121
  C:0108H         LINE#         122
  C:010BH         LINE#         123
  C:010EH         LINE#         126
  C:0111H         LINE#         128
  C:011BH         LINE#         129
  C:011BH         LINE#         130
  C:011DH         LINE#         131
  C:011DH         LINE#         133
  C:011DH         LINE#         134
  C:0120H         LINE#         135
  C:0122H         LINE#         136
  C:0122H         LINE#         137
  C:0122H         LINE#         139
  C:0122H         LINE#         140
  C:0122H         LINE#         141
  C:0122H         LINE#         142
  C:0125H         LINE#         143
  C:0128H         LINE#         146
  C:012BH         LINE#         148
  C:012EH         LINE#         149
  C:0131H         LINE#         151
  C:0134H         LINE#         152
  C:0142H         LINE#         153
  C:0142H         LINE#         154
  C:0147H         LINE#         155
  C:0147H         LINE#         156
  C:014CH         LINE#         157
  C:014EH         LINE#         158
  C:0150H         LINE#         159
  C:0154H         LINE#         160
  C:0157H         LINE#         161
  C:015AH         LINE#         162
  C:015AH         LINE#         163
  C:0161H         LINE#         164
  C:0169H         LINE#         165
  C:0171H         LINE#         166
  C:0179H         LINE#         167
  C:0180H         LINE#         168
  C:0187H         LINE#         169
  C:018EH         LINE#         170
  C:0196H         LINE#         172
  C:01B6H         LINE#         173
  C:01BCH         LINE#         174
  C:01BCH         LINE#         175
  C:01BCH         LINE#         176
[...]


  B:00C0H.0       PUBLIC        RI1
  B:00C0H.1       PUBLIC        TI1
  B:00C0H.2       PUBLIC        RB81
  B:00C0H.3       PUBLIC        TB81
  B:00C0H.4       PUBLIC        REN1
  B:00C0H.5       PUBLIC        SM21
  B:00C0H.6       PUBLIC        SM11
  B:00C0H.7       PUBLIC        SM01
  B:00C8H.0       PUBLIC        CP_RL2
  B:00C8H.1       PUBLIC        C_T2
  B:00C8H.2       PUBLIC        TR2
  B:00C8H.3       PUBLIC        EXEN2
  B:00C8H.4       PUBLIC        TCLK
  B:00C8H.5       PUBLIC        RCLK
  B:00C8H.6       PUBLIC        EXF2
  B:00C8H.7       PUBLIC        TF2
  B:00D0H.0       PUBLIC        P
  B:00D0H.1       PUBLIC        FL
  B:00D0H.2       PUBLIC        OV
  B:00D0H.3       PUBLIC        RS0
  B:00D0H.4       PUBLIC        RS1
  B:00D0H.5       PUBLIC        F0
  B:00D0H.6       PUBLIC        AC
  B:00D0H.7       PUBLIC        CY
  B:00D8H.3       PUBLIC        INT6
  B:00D8H.4       PUBLIC        RESI
  B:00D8H.5       PUBLIC        ERESI
  B:00D8H.7       PUBLIC        SMOD1
  B:00E8H.0       PUBLIC        EUSB
  B:00E8H.1       PUBLIC        EI2C
  B:00E8H.2       PUBLIC        EIEX4
  B:00E8H.3       PUBLIC        EIEX5
  B:00E8H.4       PUBLIC        EIEX6
  B:00F8H.0       PUBLIC        PUSB
  B:00F8H.1       PUBLIC        PI2C
  B:00F8H.2       PUBLIC        EIPX4
  B:00F8H.3       PUBLIC        EIPX5
  B:00F8H.4       PUBLIC        EIPX6
  C:177EH         PUBLIC        _EEPROMWritePage
  C:165DH         PUBLIC        _EEPROMWrite
  C:0046H         SYMBOL        EEStartAndAddr
  -------         PROC          _EEPROMWRITE
  D:0025H         SYMBOL        len
  -------         DO            len
  D:0027H         SYMBOL        i
  D:0029H         SYMBOL        addr
  -------         ENDDO         addr
  C:165DH         LINE#         27
  C:1661H         LINE#         28
  C:1661H         LINE#         32
  C:1671H         LINE#         33
  C:1671H         LINE#         35
  C:1678H         LINE#         39
  C:1688H         LINE#         40
  C:1688H         LINE#         41
  C:169EH         LINE#         42
  C:16ABH         LINE#         45
BL51 BANKED LINKER/LOCATER V4.13                                                      02/01/2002  17:19:37  PAGE 72


  C:16B1H         LINE#         46
  C:16BFH         LINE#         47
  -------         ENDPROC       _EEPROMWRITE
  -------         PROC          _EEPROMWRITEPAGE
  D:0002H         SYMBOL        addr
  D:0004H         SYMBOL        ptr
  -------         DO            ptr
  D:002BH         SYMBOL        i
  D:002CH         SYMBOL        ee_str
  -------         ENDDO         ee_str
  C:177EH         LINE#         49
  C:1780H         LINE#         50
  C:1780H         LINE#         54
  C:1783H         LINE#         55
  C:1786H         LINE#         56
  C:1789H         LINE#         57
  C:1789H         LINE#         58
  C:17A3H         LINE#         59
  C:17AAH         LINE#         62
  C:17ADH         LINE#         65
  C:17B0H         LINE#         66
  C:17B3H         LINE#         67
  C:17B3H         LINE#         68
  C:17BAH         LINE#         70
  C:17C4H         LINE#         71
  C:17CBH         LINE#         72
  C:17D2H         LINE#         74
  C:17D9H         LINE#         75
  -------         ENDPROC       _EEPROMWRITEPAGE
  -------         PROC          EESTARTANDADDR
  C:0046H         LINE#         78
  C:0046H         LINE#         79
  C:0046H         LINE#         80
  C:004DH         LINE#         81
  C:0051H         LINE#         82
  -------         ENDPROC       EESTARTANDADDR
  -------         ENDMOD        EEPROM

  -------         MODULE        EEPROMA
  C:1DEBH         SEGMENT       EEPROMSEG
  C:1DEBH         PUBLIC        EEWAITFORSTOP
  C:1DF3H         PUBLIC        WAITFOREEPROMWRITE
  B:00D0H.6       SYMBOL        AC
  D:00E0H         SYMBOL        ACC
  C:1DF6H         SYMBOL        ACKLOOP
  D:009AH         SYMBOL        APTR1H
  D:009BH         SYMBOL        APTR1L
  D:009CH         SYMBOL        AUTODAT1
  D:009FH         SYMBOL        AUTODAT2
  D:009DH         SYMBOL        AUTOPTRH2
  D:009EH         SYMBOL        AUTOPTRL2
  D:00AFH         SYMBOL        AUTOPTRSETUP
  D:00F0H         SYMBOL        B
  X:E606H         SYMBOL        BPADDRH
  X:E607H         SYMBOL        BPADDRL
  X:E605H         SYMBOL        BREAKPT
  D:008EH         SYMBOL        CKCON
BL51 BANKED LINKER/LOCATER V4.13                                                      02/01/2002  17:19:37  PAGE 73


  X:E665H         SYMBOL        CLRERRCNT
  X:E600H         SYMBOL        CPUCS
  B:00C8H.0       SYMBOL        CP_RL2
  X:E6FBH         SYMBOL        CT1
  X:E6FCH         SYMBOL        CT2
  X:E6FDH         SYMBOL        CT3
  X:E6FEH         SYMBOL        CT4
  B:00D0H.7       SYMBOL        CY
  B:00C8H.1       SYMBOL        C_T2
  X:E6F8H         SYMBOL        DBUG
  D:0083H         SYMBOL        DPH
  D:0085H         SYMBOL        DPH1
  D:0082H         SYMBOL        DPL
  D:0084H         SYMBOL        DPL1
  D:0086H         SYMBOL        DPS
  B:00A8H.7       SYMBOL        EA
  N:0000H         SYMBOL        EEPROMA
  B:00E8H.1       SYMBOL        EI2C
  D:00D8H         SYMBOL        EICON
  D:00E8H         SYMBOL        EIE
  B:00E8H.2       SYMBOL        EIEX4
  B:00E8H.3       SYMBOL        EIEX5
  B:00E8H.4       SYMBOL        EIEX6
  D:00F8H         SYMBOL        EIP
  B:00F8H.2       SYMBOL        EIPX4
  B:00F8H.3       SYMBOL        EIPX5
  B:00F8H.4       SYMBOL        EIPX6
  D:00BAH         SYMBOL        EP01STAT
  X:E68AH         SYMBOL        EP0BCH
  X:E68BH         SYMBOL        EP0BCL
  X:E740H         SYMBOL        EP0BUF
  X:E6A0H         SYMBOL        EP0CS
  X:E780H         SYMBOL        EP10UTBUF
  X:E68FH         SYMBOL        EP1INBC
  X:E7C0H         SYMBOL        EP1INBUF
  X:E611H         SYMBOL        EP1INCFG
  X:E6A2H         SYMBOL        EP1INCS
  X:E68DH         SYMBOL        EP1OUTBC
  X:E610H         SYMBOL        EP1OUTCFG
  X:E6A1H         SYMBOL        EP1OUTCS
  D:00AAH         SYMBOL        EP2468STAT
  D:00ABH         SYMBOL        EP24FIFOFLGS
  X:E620H         SYMBOL        EP2AUTOINLENH
  X:E621H         SYMBOL        EP2AUTOINLENL
  X:E690H         SYMBOL        EP2BCH
  X:E691H         SYMBOL        EP2BCL
  X:E612H         SYMBOL        EP2CFG
  X:E6A3H         SYMBOL        EP2CS
  X:E6ABH         SYMBOL        EP2FIFOBCH
  X:E6ACH         SYMBOL        EP2FIFOBCL
  X:F000H         SYMBOL        EP2FIFOBUF
  X:E618H         SYMBOL        EP2FIFOCFG
  X:E6A7H         SYMBOL        EP2FIFOFLGS
  X:E650H         SYMBOL        EP2FIFOIE
  X:E651H         SYMBOL        EP2FIFOIRQ
  X:E630H         SYMBOL        EP2FIFOPFH
  X:E631H         SYMBOL        EP2FIFOPFL
BL51 BANKED LINKER/LOCATER V4.13                                                      02/01/2002  17:19:37  PAGE 74


  X:E6D2H         SYMBOL        EP2GPIFFLGSEL
  X:E6D3H         SYMBOL        EP2GPIFPFSTOP
  X:E6D0H         SYMBOL        EP2GPIFTCH
  X:E6D1H         SYMBOL        EP2GPIFTCL
  X:E6D4H         SYMBOL        EP2GPIFTRIG
  X:E640H         SYMBOL        EP2ISOINPKTS
  X:E622H         SYMBOL        EP4AUTOINLENH
  X:E623H         SYMBOL        EP4AUTOINLENL
  X:E694H         SYMBOL        EP4BCH
  X:E695H         SYMBOL        EP4BCL
  X:E613H         SYMBOL        EP4CFG
  X:E6A4H         SYMBOL        EP4CS
  X:E6ADH         SYMBOL        EP4FIFOBCH
  X:E6AEH         SYMBOL        EP4FIFOBCL
  X:F400H         SYMBOL        EP4FIFOBUF
  X:E619H         SYMBOL        EP4FIFOCFG
  X:E6A8H         SYMBOL        EP4FIFOFLGS
  X:E652H         SYMBOL        EP4FIFOIE
  X:E653H         SYMBOL        EP4FIFOIRQ
  X:E632H         SYMBOL        EP4FIFOPFH
  X:E633H         SYMBOL        EP4FIFOPFL
  X:E6DAH         SYMBOL        EP4GPIFFLGSEL
  X:E6DBH         SYMBOL        EP4GPIFPFSTOP
  X:E6D0H         SYMBOL        EP4GPIFTCH
  X:E6D1H         SYMBOL        EP4GPIFTCL
  X:E6DCH         SYMBOL        EP4GPIFTRIG
  X:E641H         SYMBOL        EP4ISOINPKTS
  D:00ACH         SYMBOL        EP68FIFOFLGS
  X:E624H         SYMBOL        EP6AUTOINLENH
  X:E625H         SYMBOL        EP6AUTOINLENL
  X:E698H         SYMBOL        EP6BCH
  X:E699H         SYMBOL        EP6BCL
  X:E614H         SYMBOL        EP6CFG
  X:E6A5H         SYMBOL        EP6CS
  X:E6AFH         SYMBOL        EP6FIFOBCH
  X:E6B0H         SYMBOL        EP6FIFOBCL
  X:F800H         SYMBOL        EP6FIFOBUF
  X:E61AH         SYMBOL        EP6FIFOCFG
  X:E6A9H         SYMBOL        EP6FIFOFLGS
  X:E654H         SYMBOL        EP6FIFOIE
  X:E655H         SYMBOL        EP6FIFOIRQ
  X:E634H         SYMBOL        EP6FIFOPFH
  X:E635H         SYMBOL        EP6FIFOPFL
  X:E6E2H         SYMBOL        EP6GPIFFLGSEL
  X:E6E3H         SYMBOL        EP6GPIFPFSTOP
  X:E6D0H         SYMBOL        EP6GPIFTCH
  X:E6D1H         SYMBOL        EP6GPIFTCL
  X:E6E4H         SYMBOL        EP6GPIFTRIG
  X:E642H         SYMBOL        EP6ISOINPKTS
  X:E626H         SYMBOL        EP8AUTOINLENH
  X:E627H         SYMBOL        EP8AUTOINLENL
  X:E69CH         SYMBOL        EP8BCH
  X:E69DH         SYMBOL        EP8BCL
  X:E615H         SYMBOL        EP8CFG
  X:E6A6H         SYMBOL        EP8CS
  X:E6B1H         SYMBOL        EP8FIFOBCH
  X:E6B2H         SYMBOL        EP8FIFOBCL
BL51 BANKED LINKER/LOCATER V4.13                                                      02/01/2002  17:19:37  PAGE 75


  X:FC00H         SYMBOL        EP8FIFOBUF
  X:E61BH         SYMBOL        EP8FIFOCFG
  X:E6AAH         SYMBOL        EP8FIFOFLGS
  X:E656H         SYMBOL        EP8FIFOIE
  X:E657H         SYMBOL        EP8FIFOIRQ
  X:E636H         SYMBOL        EP8FIFOPFH
  X:E637H         SYMBOL        EP8FIFOPFL
  X:E6EAH         SYMBOL        EP8GPIFFLGSEL
  X:E6EBH         SYMBOL        EP8GPIFPFSTOP
  X:E6D0H         SYMBOL        EP8GPIFTCH
  X:E6D1H         SYMBOL        EP8GPIFTCL
  X:E6ECH         SYMBOL        EP8GPIFTRIG
  X:E643H         SYMBOL        EP8ISOINPKTS
  X:E65EH         SYMBOL        EPIE
  X:E65FH         SYMBOL        EPIRQ
  B:00D8H.5       SYMBOL        ERESI
  X:E664H         SYMBOL        ERRCNTLIM
  B:00A8H.4       SYMBOL        ES0
  B:00A8H.6       SYMBOL        ES1
  B:00A8H.1       SYMBOL        ET0
  B:00A8H.3       SYMBOL        ET1
  B:00A8H.5       SYMBOL        ET2
  B:00E8H.0       SYMBOL        EUSB
  B:00A8H.0       SYMBOL        EX0
  B:00A8H.2       SYMBOL        EX1
  B:00C8H.3       SYMBOL        EXEN2
  B:00C8H.6       SYMBOL        EXF2
  D:0091H         SYMBOL        EXIF
  X:E67BH         SYMBOL        EXTAUTODAT1
  X:E67CH         SYMBOL        EXTAUTODAT2
  B:00D0H.5       SYMBOL        F0
  X:E609H         SYMBOL        FIFOPINPOLAR
  X:E604H         SYMBOL        FIFORESET
  B:00D0H.1       SYMBOL        FL
  X:E6CCH         SYMBOL        FLOWEDGE
  X:E6C8H         SYMBOL        FLOWEQ0CTL
  X:E6C9H         SYMBOL        FLOWEQ1CTL
  X:E6C7H         SYMBOL        FLOWLOGIC
  X:E6C6H         SYMBOL        FLOWSTATE
  X:E6CBH         SYMBOL        FLOWSTB
  X:E6CDH         SYMBOL        FLOWSTBHPERIOD
  X:E687H         SYMBOL        FNADDR
  X:E6F5H         SYMBOL        GPIFABORT
  X:E6C4H         SYMBOL        GPIFADRH
  X:E6C5H         SYMBOL        GPIFADRL
  X:E6C3H         SYMBOL        GPIFCTLCFG
  X:E60CH         SYMBOL        GPIFHOLDAMOUNT
  X:E6C1H         SYMBOL        GPIFIDLECS
  X:E6C2H         SYMBOL        GPIFIDLECTL
  X:E660H         SYMBOL        GPIFIE
  X:E661H         SYMBOL        GPIFIRQ
  X:E6F3H         SYMBOL        GPIFREADYCFG
  X:E6F4H         SYMBOL        GPIFREADYSTAT
  D:00BDH         SYMBOL        GPIFSGLDATH
  D:00BFH         SYMBOL        GPIFSGLDATLNOX
  D:00BEH         SYMBOL        GPIFSGLDATLX
  X:E6D1H         SYMBOL        GPIFTCB0
BL51 BANKED LINKER/LOCATER V4.13                                                      02/01/2002  17:19:37  PAGE 76


  X:E6D0H         SYMBOL        GPIFTCB1
  X:E6CFH         SYMBOL        GPIFTCB2
  X:E6CEH         SYMBOL        GPIFTCB3
  D:00BBH         SYMBOL        GPIFTRIG
  X:E6C0H         SYMBOL        GPIFWFSELECT
  X:E400H         SYMBOL        GPIF_WAVE_DATA
  X:E678H         SYMBOL        I2CS
  X:E67AH         SYMBOL        I2CTL
  X:E679H         SYMBOL        I2DAT
  X:E658H         SYMBOL        IBNIE
  X:E659H         SYMBOL        IBNIRQ
  D:00A8H         SYMBOL        IE
  B:0088H.1       SYMBOL        IE0
  B:0088H.3       SYMBOL        IE1
  X:E601H         SYMBOL        IFCONFIG
  X:E648H         SYMBOL        INPKTEND
  D:00A1H         SYMBOL        INT2CLR
  X:E666H         SYMBOL        INT2IVEC
  D:00A2H         SYMBOL        INT4CLR
  X:E667H         SYMBOL        INT4IVEC
  B:00D8H.3       SYMBOL        INT6
  X:E668H         SYMBOL        INTSETUP
  D:0080H         SYMBOL        IOA
  D:0090H         SYMBOL        IOB
  D:00A0H         SYMBOL        IOC
  D:00B0H         SYMBOL        IOD
  D:00B1H         SYMBOL        IOE
  D:00B8H         SYMBOL        IP
  B:0088H.0       SYMBOL        IT0
  B:0088H.2       SYMBOL        IT1
  X:E686H         SYMBOL        MICROFRAME
  D:0092H         SYMBOL        MPAGE
  X:E65AH         SYMBOL        NAKIE
  X:E65BH         SYMBOL        NAKIRQ
  D:00B2H         SYMBOL        OEA
  D:00B3H         SYMBOL        OEB
  D:00B4H         SYMBOL        OEC
  D:00B5H         SYMBOL        OED
  D:00B6H         SYMBOL        OEE
  X:E649H         SYMBOL        OUTPKTEND
  B:00D0H.2       SYMBOL        OV
  B:00D0H.0       SYMBOL        P
  D:0087H         SYMBOL        PCON
  B:00F8H.1       SYMBOL        PI2C
  X:E602H         SYMBOL        PINFLAGSAB
  X:E603H         SYMBOL        PINFLAGSCD
  X:E670H         SYMBOL        PORTACFG
  X:E671H         SYMBOL        PORTCCFG
  X:E672H         SYMBOL        PORTECFG
  B:00B8H.4       SYMBOL        PS0
  B:00B8H.6       SYMBOL        PS1
  D:00D0H         SYMBOL        PSW
  B:00B8H.1       SYMBOL        PT0
  B:00B8H.3       SYMBOL        PT1
  B:00B8H.5       SYMBOL        PT2
  B:00F8H.0       SYMBOL        PUSB
  B:00B8H.0       SYMBOL        PX0
BL51 BANKED LINKER/LOCATER V4.13                                                      02/01/2002  17:19:37  PAGE 77


  B:00B8H.2       SYMBOL        PX1
  B:0098H.2       SYMBOL        RB8
  B:00C0H.2       SYMBOL        RB81
  D:00CBH         SYMBOL        RCAP2H
  D:00CAH         SYMBOL        RCAP2L
  B:00C8H.5       SYMBOL        RCLK
  B:0098H.4       SYMBOL        REN
  B:00C0H.4       SYMBOL        REN1
  B:00D8H.4       SYMBOL        RESI
  X:E480H         SYMBOL        RES_WAVEDATA_END
  X:E60BH         SYMBOL        REVCTL
  X:E60AH         SYMBOL        REVID
  B:0098H.0       SYMBOL        RI
  B:00C0H.0       SYMBOL        RI1
  B:00D0H.3       SYMBOL        RS0
  B:00D0H.4       SYMBOL        RS1
  D:0099H         SYMBOL        SBUF0
  D:00C1H         SYMBOL        SBUF1
  D:0098H         SYMBOL        SCON0
  D:00C0H         SYMBOL        SCON1
  B:0080H.6       SYMBOL        SEL
  X:E6B8H         SYMBOL        SETUPDAT
  B:0098H.7       SYMBOL        SM0
  B:00C0H.7       SYMBOL        SM01
  B:0098H.6       SYMBOL        SM1
  B:00C0H.6       SYMBOL        SM11
  B:0098H.5       SYMBOL        SM2
  B:00C0H.5       SYMBOL        SM21
  B:00D8H.7       SYMBOL        SMOD1
  D:0081H         SYMBOL        SP
  X:E6B5H         SYMBOL        SUDPTRCTL
  X:E6B3H         SYMBOL        SUDPTRH
  X:E6B4H         SYMBOL        SUDPTRL
  X:E681H         SYMBOL        SUSPEND
  D:00C8H         SYMBOL        T2CON
  B:0098H.3       SYMBOL        TB8
  B:00C0H.3       SYMBOL        TB81
  B:00C8H.4       SYMBOL        TCLK
  D:0088H         SYMBOL        TCON
  X:E6F9H         SYMBOL        TESTCFG
  B:0088H.5       SYMBOL        TF0
  B:0088H.7       SYMBOL        TF1
  B:00C8H.7       SYMBOL        TF2
  D:008CH         SYMBOL        TH0
  D:008DH         SYMBOL        TH1
  D:00CDH         SYMBOL        TH2
  B:0098H.1       SYMBOL        TI
  B:00C0H.1       SYMBOL        TI1
  D:008AH         SYMBOL        TL0
  D:008BH         SYMBOL        TL1
  D:00CCH         SYMBOL        TL2
  D:0089H         SYMBOL        TMOD
  X:E683H         SYMBOL        TOGCTL
  B:0088H.4       SYMBOL        TR0
  B:0088H.6       SYMBOL        TR1
  B:00C8H.2       SYMBOL        TR2
  X:E608H         SYMBOL        UART230
BL51 BANKED LINKER/LOCATER V4.13                                                      02/01/2002  17:19:37  PAGE 78


  X:E67DH         SYMBOL        UDMACRCH
  X:E67EH         SYMBOL        UDMACRCL
  X:E67FH         SYMBOL        UDMACRCQUAL
  X:E680H         SYMBOL        USBCS
  X:E662H         SYMBOL        USBERRIE
  X:E663H         SYMBOL        USBERRIRQ
  X:E684H         SYMBOL        USBFRAMEH
  X:E685H         SYMBOL        USBFRAMEL
  X:E65CH         SYMBOL        USBIE
  X:E65DH         SYMBOL        USBIRQ
  X:E6FAH         SYMBOL        USBTEST
  C:1DF9H         SYMBOL        WAITFORBUSY
  X:E682H         SYMBOL        WAKEUPCS
  X:E6F0H         SYMBOL        XGPIFSGLDATH
  X:E6F2H         SYMBOL        XGPIFSGLDATLNOX
  X:E6F1H         SYMBOL        XGPIFSGLDATLX
  C:1DEBH         LINE#         13
  C:1DEEH         LINE#         14
  C:1DEFH         LINE#         15
  C:1DF2H         LINE#         16
  C:1DF3H         LINE#         23
  C:1DF6H         LINE#         25
  C:1DF9H         LINE#         29
  C:1DFCH         LINE#         30
  C:1DFDH         LINE#         31
  C:1E00H         LINE#         34
  C:1E01H         LINE#         35
  C:1E03H         LINE#         36
  C:1E04H         LINE#         37
  C:1E07H         LINE#         39
  C:1E08H         LINE#         40
  C:1E0BH         LINE#         41
  -------         ENDMOD        EEPROMA

  -------         MODULE        ?C?IMUL
  C:15EEH         PUBLIC        ?C?IMUL
  -------         ENDMOD        ?C?IMUL

  -------         MODULE        ?C?ULCMP
  C:1600H         PUBLIC        ?C?ULCMP
  -------         ENDMOD        ?C?ULCMP

  -------         MODULE        ?C?ULSHR
  C:1611H         PUBLIC        ?C?ULSHR
  -------         ENDMOD        ?C?ULSHR

  -------         MODULE        ?C?LSHL
  C:1624H         PUBLIC        ?C?LSHL
  -------         ENDMOD        ?C?LSHL

  -------         MODULE        ?C?CCASE
  C:1637H         PUBLIC        ?C?CCASE
  -------         ENDMOD        ?C?CCASE



FUNCTION REGISTER MASKS
BL51 BANKED LINKER/LOCATER V4.13                                                      02/01/2002  17:19:37  PAGE 79




FUNCTION . . . . . . . . . . . . REG MASK
-----------------------------------------

ABORTGPIF. . . . . . . . . . . . @0xe300
DISCONANDWAITFORVBUS . . . . . . @0xe300
DWLBATOLBAREGS . . . . . . . . . @0xe30d
FAILEDIN . . . . . . . . . . . . @0xe30f
GETDRIVEDATALEN. . . . . . . . . @0xf30f
INITUDMAREAD . . . . . . . . . . @0xe300
INITUDMAWRITE. . . . . . . . . . @0xf300
ISR_HIGHSPEED. . . . . . . . . . @0xf301
ISR_SUSP . . . . . . . . . . . . @0xc000
RESETANDARMEP2 . . . . . . . . . @0xe300
RESUME_ISR . . . . . . . . . . . @0xc000
WAITFORINBUFFER. . . . . . . . . @0xa300
_CONFIGUREATATRANSFERMODE. . . . @0xe30f
_EZUSB_GETSTRINGDSCR . . . . . . @0xf003
_MYMEMMOVEXX . . . . . . . . . . @0xe33b
_READPIO16 . . . . . . . . . . . @0xf331
_READPIO8. . . . . . . . . . . . @0xe301
_READWORDPIO8. . . . . . . . . . @0xf32f
_WRITEPIO16. . . . . . . . . . . @0xf331
_WRITEPIO8 . . . . . . . . . . . @0xe300

LINK/LOCATE RUN COMPLETE.  0 WARNING(S),  0 ERROR(S)
